 HGserver

 Timestamp is 3b8f9531 (Fri Aug 31 22:46:25 2001)

 Preferred load address is 00400000

 Start         Length     Name                   Class
 0001:00000000 0009f098H .text                   CODE
 0001:0009f0a0 00000ab0H .text$x                 CODE
 0002:00000000 00008e3cH .rdata                  DATA
 0002:00008e40 00000c68H .xdata$x                DATA
 0002:00009aa8 00000000H .edata                  DATA
 0003:00000000 00000004H .CRT$XCA                DATA
 0003:00000004 00000004H .CRT$XCZ                DATA
 0003:00000008 00000004H .CRT$XIA                DATA
 0003:0000000c 00000008H .CRT$XIC                DATA
 0003:00000014 00000004H .CRT$XIY                DATA
 0003:00000018 00000004H .CRT$XIZ                DATA
 0003:0000001c 00000004H .CRT$XPA                DATA
 0003:00000020 00000004H .CRT$XPX                DATA
 0003:00000024 00000004H .CRT$XPZ                DATA
 0003:00000028 00000004H .CRT$XTA                DATA
 0003:0000002c 00000004H .CRT$XTB                DATA
 0003:00000030 00000004H .CRT$XTZ                DATA
 0003:00000040 0000435cH .data                   DATA
 0003:000043a0 0000f450H .bss                    DATA
 0004:00000000 00000064H .idata$2                DATA
 0004:00000064 00000014H .idata$3                DATA
 0004:00000078 00000228H .idata$4                DATA
 0004:000002a0 00000228H .idata$5                DATA
 0004:000004c8 000007f6H .idata$6                DATA

  Address         Publics by Value              Rva+Base     Lib:Object

 0001:00000000       ??0CBuildItem@@QAE@XZ      00401000 f   BuildItem.obj
 0001:000000d0       ??_GCBuildItem@@UAEPAXI@Z  004010d0 f i BuildItem.obj
 0001:000000d0       ??_ECBuildItem@@UAEPAXI@Z  004010d0 f i BuildItem.obj
 0001:00000110       ??1CBuildItem@@UAE@XZ      00401110 f   BuildItem.obj
 0001:00000130       ??0CClient@@QAE@PAUHWND__@@@Z 00401130 f   Client.obj
 0001:00000c50       ??_ECClient@@UAEPAXI@Z     00401c50 f i Client.obj
 0001:00000c50       ??_GCClient@@UAEPAXI@Z     00401c50 f i Client.obj
 0001:00000c90       ??1CClient@@UAE@XZ         00401c90 f   Client.obj
 0001:00000d60       ?bCreateNewParty@CClient@@QAEHXZ 00401d60 f   Client.obj
 0001:00000e10       ??0CDelayEvent@@QAE@XZ     00401e10 f   DelayEvent.obj
 0001:00000e30       ??_GCDelayEvent@@UAEPAXI@Z 00401e30 f i DelayEvent.obj
 0001:00000e30       ??_ECDelayEvent@@UAEPAXI@Z 00401e30 f i DelayEvent.obj
 0001:00000e70       ??1CDelayEvent@@UAE@XZ     00401e70 f   DelayEvent.obj
 0001:00000e90       ??0CDynamicObject@@QAE@FDFDFFKKH@Z 00401e90 f   DynamicObject.obj
 0001:00000f20       ??_GCDynamicObject@@UAEPAXI@Z 00401f20 f i DynamicObject.obj
 0001:00000f20       ??_ECDynamicObject@@UAEPAXI@Z 00401f20 f i DynamicObject.obj
 0001:00000f60       ??1CDynamicObject@@UAE@XZ  00401f60 f   DynamicObject.obj
 0001:00000f80       ??0CFish@@QAE@DFFFPAVCItem@@H@Z 00401f80 f   Fish.obj
 0001:00001000       ??_ECFish@@UAEPAXI@Z       00402000 f i Fish.obj
 0001:00001000       ??_GCFish@@UAEPAXI@Z       00402000 f i Fish.obj
 0001:00001040       ??1CFish@@UAE@XZ           00402040 f   Fish.obj
 0001:000010a0       ??0CGame@@QAE@PAUHWND__@@@Z 004020a0 f   Game.obj
 0001:00001680       ??_GCGame@@UAEPAXI@Z       00402680 f i Game.obj
 0001:00001680       ??_ECGame@@UAEPAXI@Z       00402680 f i Game.obj
 0001:000016c0       ??1CGame@@UAE@XZ           004026c0 f   Game.obj
 0001:00001740       ?bAccept@CGame@@QAEHPAVXSocket@@@Z 00402740 f   Game.obj
 0001:00001bb0       ?OnClientSocketEvent@CGame@@QAEXIIJ@Z 00402bb0 f   Game.obj
 0001:00001d20       ?bInit@CGame@@QAEHXZ       00402d20 f   Game.obj
 0001:00003520       ?OnClientRead@CGame@@QAEXH@Z 00404520 f   Game.obj
 0001:00003590       ?DisplayInfo@CGame@@QAEXPAUHDC__@@@Z 00404590 f   Game.obj
 0001:00003860       ?ClientMotionHandler@CGame@@QAEXHPAD@Z 00404860 f   Game.obj
 0001:00003e10       ?iClientMotion_Move_Handler@CGame@@QAEHHFFDH@Z 00404e10 f   Game.obj
 0001:00004c60       ?RequestInitPlayerHandler@CGame@@QAEXHPADD@Z 00405c60 f   Game.obj
 0001:00005200       ?RequestInitDataHandler@CGame@@QAEXHPADD@Z 00406200 f   Game.obj
 0001:00006ef0       ?iComposeInitMapData@CGame@@QAEHFFHPAD@Z 00407ef0 f   Game.obj
 0001:00007a20       ?DeleteClient@CGame@@QAEXHHHHH@Z 00408a20 f   Game.obj
 0001:000081b0       ?SendEventToNearClient_TypeA@CGame@@QAEXFDKGFFF@Z 004091b0 f   Game.obj
 0001:00009670       ?iComposeMoveMapData@CGame@@QAEHFFHDPAD@Z 0040a670 f   Game.obj
 0001:0000a180       ?OnTimer@CGame@@QAEXD@Z    0040b180 f   Game.obj
 0001:0000a6a0       ?CheckClientResponseTime@CGame@@QAEXXZ 0040b6a0 f   Game.obj
 0001:0000b670       ?OnMainLogSocketEvent@CGame@@QAEXIIJ@Z 0040c670 f   Game.obj
 0001:0000b7e0       ?OnMainLogRead@CGame@@QAEXXZ 0040c7e0 f   Game.obj
 0001:0000b840       ?bSendMsgToLS@CGame@@QAEHKHH@Z 0040c840 f   Game.obj
 0001:0000cbb0       ?ResponsePlayerDataHandler@CGame@@QAEXPADK@Z 0040dbb0 f   Game.obj
 0001:0000cd30       ?InitPlayerData@CGame@@QAEXHPADK@Z 0040dd30 f   Game.obj
 0001:0000d290       ?GameProcess@CGame@@QAEXXZ 0040e290 f   Game.obj
 0001:0000d2c0       ?bReadProgramConfigFile@CGame@@QAEHPAD@Z 0040e2c0 f   Game.obj
 0001:0000d9b0       ?bReadCrusadeStructureConfigFile@CGame@@QAEHPAD@Z 0040e9b0 f   Game.obj
 0001:0000e000       ?_bRegisterMap@CGame@@QAEHPAD@Z 0040f000 f   Game.obj
 0001:0000e2c0       ?_bDecodePlayerDatafileContents@CGame@@QAEHHPADK@Z 0040f2c0 f   Game.obj
 0001:00015840       ?_iComposePlayerDataFileContents@CGame@@QAEHHPAD@Z 00416840 f   Game.obj
 0001:00017d70       ?_bDecodeItemConfigFileContents@CGame@@QAEHPADK@Z 00418d70 f   Game.obj
 0001:00019330       ?_bInitItemAttr@CGame@@QAEHPAVCItem@@PAD@Z 0041a330 f   Game.obj
 0001:00019670       ?_bGetIsStringIsNumber@CGame@@QAEHPAD@Z 0041a670 f   Game.obj
 0001:000196e0       ?_bReadMapInfoFiles@CGame@@QAEHH@Z 0041a6e0 f   Game.obj
 0001:00019710       ?bSetNpcFollowMode@CGame@@QAEHPAD0D@Z 0041a710 f   Game.obj
 0001:00019960       ?bCreateNewNpc@CGame@@QAEHPAD00FDDPAH10PAUtagRECT@@HDHHHHH@Z 0041a960 f   Game.obj
 0001:0001ab80       ?NpcProcess@CGame@@QAEXXZ  0041bb80 f   Game.obj
 0001:0001b0f0       ?ChatMsgHandler@CGame@@QAEXHPADK@Z 0041c0f0 f   Game.obj
 0001:0001c720       ?ChatMsgHandlerGSM@CGame@@QAEXHHPAD0K@Z 0041d720 f   Game.obj
 0001:0001c910       ?iClientMotion_Attack_Handler@CGame@@QAEHHFFFFFDGH@Z 0041d910 f   Game.obj
 0001:0001d140       ?cGetNextMoveDir@CGame@@QAEDFFFFDDPAH@Z 0041e140 f   Game.obj
 0001:0001d340       ?bGetEmptyPosition@CGame@@QAEHPAF0D@Z 0041e340 f   Game.obj
 0001:0001d470       ?NpcBehavior_Move@CGame@@QAEXH@Z 0041e470 f   Game.obj
 0001:0001dd30       ?TargetSearch@CGame@@QAEXHPAFPAD@Z 0041ed30 f   Game.obj
 0001:0001e1f0       ?NpcBehavior_Attack@CGame@@QAEXH@Z 0041f1f0 f   Game.obj
 0001:0001f980       ?RemoveFromTarget@CGame@@QAEXFDH@Z 00420980 f   Game.obj
 0001:0001fb50       ?iCalculateAttackEffect@CGame@@QAEHFDFDHHHH@Z 00420b50 f   Game.obj
 0001:000242c0       ?NpcKilledHandler@CGame@@QAEXFDHF@Z 004252c0 f   Game.obj
 0001:00024ed0       ?NpcBehavior_Dead@CGame@@QAEXH@Z 00425ed0 f   Game.obj
 0001:00024f90       ?iGetDangerValue@CGame@@QAEHHFF@Z 00425f90 f   Game.obj
 0001:00025150       ?NpcBehavior_Flee@CGame@@QAEXH@Z 00426150 f   Game.obj
 0001:000255f0       ?MsgProcess@CGame@@QAEXXZ  004265f0 f   Game.obj
 0001:00026200       ?bPutMsgQuene@CGame@@QAIHDPADKHD@Z 00427200 f   Game.obj
 0001:00026330       ?bGetMsgQuene@CGame@@QAIHPAD0PAKPAH0@Z 00427330 f   Game.obj
 0001:00026420       ?ClientCommonHandler@CGame@@QAEXHPAD@Z 00427420 f   Game.obj
 0001:00026ab0       ?DropItemHandler@CGame@@QAEXHFHPAD@Z 00427ab0 f   Game.obj
 0001:000270e0       ?iClientMotion_GetItem_Handler@CGame@@QAEHHFFD@Z 004280e0 f   Game.obj
 0001:00027970       ?_bAddClientItemList@CGame@@QAEHHPAVCItem@@PAH@Z 00428970 f   Game.obj
 0001:00027be0       ?bEquipItemHandler@CGame@@QAEHHFH@Z 00428be0 f   Game.obj
 0001:00028e30       ?SendEventToNearClient_TypeB@CGame@@QAEXKGDFFFFFF@Z 00429e30 f   Game.obj
 0001:00029050       ?iClientMotion_Stop_Handler@CGame@@QAEHHFFD@Z 0042a050 f   Game.obj
 0001:000294f0       ?ResponseCreateNewGuildHandler@CGame@@QAEXPADK@Z 0042a4f0 f   Game.obj
 0001:000297e0       ?RequestCreateNewGuildHandler@CGame@@QAEXHPADK@Z 0042a7e0 f   Game.obj
 0001:00029b20       ?RequestDisbandGuildHandler@CGame@@QAEXHPADK@Z 0042ab20 f   Game.obj
 0001:00029c10       ?ResponseDisbandGuildHandler@CGame@@QAEXPADK@Z 0042ac10 f   Game.obj
 0001:00029ed0       ?RequestPurchaseItemHandler@CGame@@QAEXHPADH@Z 0042aed0 f   Game.obj
 0001:0002a8d0       ?GiveItemHandler@CGame@@QAEXHFHFFGPAD@Z 0042b8d0 f   Game.obj
 0001:0002c450       ?SendNotifyMsg@CGame@@QAEXHHGKKKPADKKKKKK0@Z 0042d450 f   Game.obj
 0001:0002f630       ?JoinGuildApproveHandler@CGame@@QAEXHPAD@Z 00430630 f   Game.obj
 0001:0002f820       ?JoinGuildRejectHandler@CGame@@QAEXHPAD@Z 00430820 f   Game.obj
 0001:0002f8d0       ?DismissGuildApproveHandler@CGame@@QAEXHPAD@Z 004308d0 f   Game.obj
 0001:0002fa30       ?DismissGuildRejectHandler@CGame@@QAEXHPAD@Z 00430a30 f   Game.obj
 0001:0002fae0       ?dwGetItemCount@CGame@@QAEKHPAD@Z 00430ae0 f   Game.obj
 0001:0002fba0       ?SetItemCount@CGame@@QAEHHPADK@Z 00430ba0 f   Game.obj
 0001:0002fcf0       ?SetItemCount@CGame@@QAEHHHK@Z 00430cf0 f   Game.obj
 0001:0002fdd0       ?ClientKilledHandler@CGame@@QAEXHHDF@Z 00430dd0 f   Game.obj
 0001:00030760       ?ReleaseItemHandler@CGame@@QAEXHFH@Z 00431760 f   Game.obj
 0001:00030d20       ?_bDecodeNpcConfigFileContents@CGame@@QAEHPADK@Z 00431d20 f   Game.obj
 0001:00032160       ?_bInitNpcAttr@CGame@@QAEHPAVCNpc@@PADFD@Z 00433160 f   Game.obj
 0001:00032900       ?iDice@CGame@@QAEHHH@Z     00433900 f   Game.obj
 0001:00032960       ?OnStartGameSignal@CGame@@QAEXXZ 00433960 f   Game.obj
 0001:00032ac0       ?CalculateGuildEffect@CGame@@QAEXHDF@Z 00433ac0 f   Game.obj
 0001:00032cd0       ?TimeHitPointsUp@CGame@@QAEXH@Z 00433cd0 f   Game.obj
 0001:00032f10       ?TimeManaPointsUp@CGame@@QAEXH@Z 00433f10 f   Game.obj
 0001:000330d0       ?TimeStaminarPointsUp@CGame@@QAEXH@Z 004340d0 f   Game.obj
 0001:00033280       ?DelayEventProcess@CGame@@QAEXXZ 00434280 f   Game.obj
 0001:000332a0       ?SendGuildMsg@CGame@@QAEXHGFFPAD@Z 004342a0 f   Game.obj
 0001:00033650       ?GuildNotifyHandler@CGame@@QAEXPADK@Z 00434650 f   Game.obj
 0001:000336d0       ?ToggleCombatModeHandler@CGame@@QAEXH@Z 004346d0 f   Game.obj
 0001:000337c0       ?OnGateSocketEvent@CGame@@QAEXIIJ@Z 004347c0 f   Game.obj
 0001:000339d0       ?OnGateRead@CGame@@QAEXXZ  004349d0 f   Game.obj
 0001:00033a30       ?SendMsgToGateServer@CGame@@QAEXKHPAD@Z 00434a30 f   Game.obj
 0001:00033fe0       ?iClientMotion_Magic_Handler@CGame@@QAEHHFFD@Z 00434fe0 f   Game.obj
 0001:00034410       ?PlayerMagicHandler@CGame@@QAEXHHHFHH@Z 00435410 f   Game.obj
 0001:00039980       ?NpcMagicHandler@CGame@@QAEXHFFF@Z 0043a980 f   Game.obj
 0001:0003bac0       ?RequestTeleportHandler@CGame@@QAEXHPAD0HH@Z 0043cac0 f   Game.obj
 0001:0003d3f0       ?ReleaseFollowMode@CGame@@QAEXFD@Z 0043e3f0 f   Game.obj
 0001:0003d4b0       ?_bDecodeMagicConfigFileContents@CGame@@QAEHPADK@Z 0043e4b0 f   Game.obj
 0001:0003e650       ?_bDecodeSkillConfigFileContents@CGame@@QAEHPADK@Z 0043f650 f   Game.obj
 0001:0003efa0       ?RequestStudyMagicHandler@CGame@@QAEXHPADH@Z 0043ffa0 f   Game.obj
 0001:0003f360       ?_iGetMagicNumber@CGame@@QAEHPADPAH1@Z 00440360 f   Game.obj
 0001:0003f420       ?TrainSkillResponse@CGame@@QAEXHHHH@Z 00440420 f   Game.obj
 0001:0003f590       ?_iGetSkillNumber@CGame@@QAEHPAD@Z 00440590 f   Game.obj
 0001:0003f620       ?bPlayerItemToBank@CGame@@QAEHHF@Z 00440620 f   Game.obj
 0001:0003f7e0       ?bBankItemToPlayer@CGame@@QAEHHF@Z 004407e0 f   Game.obj
 0001:0003f8b0       ?__bReadMapInfo@CGame@@QAEHH@Z 004408b0 f   Game.obj
 0001:00044780       ?Quit@CGame@@QAEXXZ        00445780 f   Game.obj
 0001:00044f60       ?iGetLevelExp@CGame@@QAEHH@Z 00445f60 f   Game.obj
 0001:00044fc0       ?_iCalcSkillSSNpoint@CGame@@QAEHH@Z 00445fc0 f   Game.obj
 0001:00045010       ?bCheckLevelUp@CGame@@QAEHH@Z 00446010 f   Game.obj
 0001:000454f0       ?LevelUpSettingsHandler@CGame@@QAEXHPADK@Z 004464f0 f   Game.obj
 0001:000456c0       ?FightzoneReserveHandler@CGame@@QAEXHPADK@Z 004466c0 f   Game.obj
 0001:00045b00       ?bCheckLimitedUser@CGame@@QAEHH@Z 00446b00 f   Game.obj
 0001:00045bb0       ?RequestCivilRightHandler@CGame@@QAEXHPAD@Z 00446bb0 f   Game.obj
 0001:00045de0       ?RequestRetrieveItemHandler@CGame@@QAEXHPAD@Z 00446de0 f   Game.obj
 0001:00046660       ?bSetItemToBankItem@CGame@@QAEHHF@Z 00447660 f   Game.obj
 0001:000469b0       ?ApplyPKpenalty@CGame@@QAEXFF@Z 004479b0 f   Game.obj
 0001:00046c00       ?PK_KillRewardHandler@CGame@@QAEXFF@Z 00447c00 f   Game.obj
 0001:00046d50       ?EnemyKillRewardHandler@CGame@@QAEXHH@Z 00447d50 f   Game.obj
 0001:000476a0       ?ApplyCombatKilledPenalty@CGame@@QAEXHDH@Z 004486a0 f   Game.obj
 0001:00047880       ?_PenaltyItemDrop@CGame@@QAEXHHH@Z 00448880 f   Game.obj
 0001:00047bb0       ?GetRewardMoneyHandler@CGame@@QAEXH@Z 00448bb0 f   Game.obj
 0001:00048080       ?_iCalcMaxLoad@CGame@@QAEHH@Z 00449080 f   Game.obj
 0001:000480e0       ?iAddDynamicObjectList@CGame@@QAEHFDFDFFKH@Z 004490e0 f   Game.obj
 0001:000483d0       ?CheckDynamicObjectList@CGame@@QAEXXZ 004493d0 f   Game.obj
 0001:000486f0       ?CalculateSSN_ItemIndex@CGame@@QAEXHFH@Z 004496f0 f   Game.obj
 0001:00048dd0       ?CalculateSSN_SkillIndex@CGame@@QAEXHFH@Z 00449dd0 f   Game.obj
 0001:00049470       ?MobGenerator@CGame@@QAEXXZ 0044a470 f   Game.obj
 0001:0004b5b0       ?CalcNextWayPointDestination@CGame@@QAEXH@Z 0044c5b0 f   Game.obj
 0001:0004ba80       ?DeleteNpc@CGame@@QAEXH@Z  0044ca80 f   Game.obj
 0001:0004cfa0       ?RequestFullObjectData@CGame@@QAEXHPAD@Z 0044dfa0 f   Game.obj
 0001:0004d5e0       ?_iGetArrowItemIndex@CGame@@QAEHH@Z 0044e5e0 f   Game.obj
 0001:0004d680       ?ItemDepleteHandler@CGame@@QAEXHFH@Z 0044e680 f   Game.obj
 0001:0004d7f0       ?NpcBehavior_Stop@CGame@@QAEXH@Z 0044e7f0 f   Game.obj
 0001:0004da70       ?UseItemHandler@CGame@@QAEXHFFFF@Z 0044ea70 f   Game.obj
 0001:0004f1d0       ?Effect_Damage_Spot@CGame@@QAEXFDFDFFFHH@Z 004501d0 f   Game.obj
 0001:000500b0       ?Effect_Damage_Spot_DamageMove@CGame@@QAEXFDFDFFFFFHH@Z 004510b0 f   Game.obj
 0001:00051140       ?Effect_HpUp_Spot@CGame@@QAEXFDFDFFF@Z 00452140 f   Game.obj
 0001:00051410       ?Effect_SpDown_Spot@CGame@@QAEXFDFDFFF@Z 00452410 f   Game.obj
 0001:00051570       ?Effect_SpUp_Spot@CGame@@QAEXFDFDFFF@Z 00452570 f   Game.obj
 0001:000516c0       ?bCheckResistingMagicSuccess@CGame@@QAEHDFDH@Z 004526c0 f   Game.obj
 0001:000518e0       ?bCheckResistingIceSuccess@CGame@@QAEHDFDH@Z 004528e0 f   Game.obj
 0001:000519d0       ?bSetItemToBankItem@CGame@@QAEHHPAVCItem@@@Z 004529d0 f   Game.obj
 0001:00051c80       ?bCheckTotalSkillMasteryPoints@CGame@@QAEHHH@Z 00452c80 f   Game.obj
 0001:00052030       ?OnKeyDown@CGame@@QAEXIJ@Z 00453030 f   Game.obj
 0001:00052090       ?OnKeyUp@CGame@@QAEXIJ@Z   00453090 f   Game.obj
 0001:00052330       ?iGetFollowerNumber@CGame@@QAEHFD@Z 00453330 f   Game.obj
 0001:000523e0       ?bRegisterDelayEvent@CGame@@QAEHHHKHDDHHHHH@Z 004533e0 f   Game.obj
 0001:00052580       ?DelayEventProcessor@CGame@@QAEXXZ 00453580 f   Game.obj
 0001:00052be0       ?bRemoveFromDelayEventList@CGame@@QAEHHDH@Z 00453be0 f   Game.obj
 0001:00052d40       ?SetInvisibilityFlag@CGame@@QAEXFDH@Z 00453d40 f   Game.obj
 0001:00052e80       ?SetBerserkFlag@CGame@@QAEXFDH@Z 00453e80 f   Game.obj
 0001:00052fc0       ?SetIceFlag@CGame@@QAEXFDH@Z 00453fc0 f   Game.obj
 0001:00053100       ?SendObjectMotionRejectMsg@CGame@@QAEXH@Z 00454100 f   Game.obj
 0001:00053200       ?_iGetTotalClients@CGame@@QAEHXZ 00454200 f   Game.obj
 0001:00053250       ?DynamicObjectEffectProcessor@CGame@@QAEXXZ 00454250 f   Game.obj
 0001:00054330       ?ClearSkillUsingStatus@CGame@@QAEXH@Z 00455330 f   Game.obj
 0001:00054460       ?iCalculateUseSkillItemEffect@CGame@@QAEHHDDHDHH@Z 00455460 f   Game.obj
 0001:00054800       ?UseSkillHandler@CGame@@QAEXHHHH@Z 00455800 f   Game.obj
 0001:00054db0       ?ReqSellItemHandler@CGame@@QAEXHDDHPAD@Z 00455db0 f   Game.obj
 0001:000556c0       ?ReqSellItemConfirmHandler@CGame@@QAEXHDHPAD@Z 004566c0 f   Game.obj
 0001:00056520       ?ReqRepairItemHandler@CGame@@QAEXHDDPAD@Z 00457520 f   Game.obj
 0001:000569a0       ?ReqRepairItemCofirmHandler@CGame@@QAEXHDPAD@Z 004579a0 f   Game.obj
 0001:00056dd0       ?iCalcTotalWeight@CGame@@QAEHH@Z 00457dd0 f   Game.obj
 0001:00056f30       ?CheckAndNotifyPlayerConnection@CGame@@QAEXHPADK@Z 00457f30 f   Game.obj
 0001:000572c0       ?ToggleWhisperPlayer@CGame@@QAEXHPADK@Z 004582c0 f   Game.obj
 0001:00057630       ?SetPlayerProfile@CGame@@QAEXHPADK@Z 00458630 f   Game.obj
 0001:00057730       ?GetPlayerProfile@CGame@@QAEXHPADK@Z 00458730 f   Game.obj
 0001:00057a40       ?___RestorePlayerCharacteristics@CGame@@QAEXH@Z 00458a40 f   Game.obj
 0001:00058ae0       ?CalcTotalItemEffect@CGame@@QAEXHHH@Z 00459ae0 f   Game.obj
 0001:0005ac20       ?_iGetPlayerNumberOnSpot@CGame@@QAEHFFDD@Z 0045bc20 f   Game.obj
 0001:0005ace0       ?RequestAdminUserMode@CGame@@QAEXHPAD@Z 0045bce0 f   Game.obj
 0001:0005ad00       ?bAnalyzeCriminalAction@CGame@@QAEHHFFH@Z 0045bd00 f   Game.obj
 0001:0005afb0       ?_bGetIsPlayerHostile@CGame@@QAEHHH@Z 0045bfb0 f   Game.obj
 0001:0005b0c0       ?bSetNpcAttackMode@CGame@@QAEXPADHDH@Z 0045c0c0 f   Game.obj
 0001:0005b1f0       ?PoisonEffect@CGame@@QAEXHH@Z 0045c1f0 f   Game.obj
 0001:0005b390       ?bCheckResistingPoisonSuccess@CGame@@QAEHFD@Z 0045c390 f   Game.obj
 0001:0005b450       ?bCheckBadWord@CGame@@QAEHPAD@Z 0045c450 f   Game.obj
 0001:0005b490       ?CheckDayOrNightMode@CGame@@QAEXXZ 0045c490 f   Game.obj
 0001:0005b5c0       ?ShutUpPlayer@CGame@@QAEXHPADK@Z 0045c5c0 f   Game.obj
 0001:0005b9b0       ?SetPlayerReputation@CGame@@QAEXHPADDK@Z 0045c9b0 f   Game.obj
 0001:0005be60       ?bReadNotifyMsgListFile@CGame@@QAEHPAD@Z 0045ce60 f   Game.obj
 0001:0005c140       ?NoticeHandler@CGame@@QAEXXZ 0045d140 f   Game.obj
 0001:0005c2b0       ?ResponseSavePlayerDataReplyHandler@CGame@@QAEXPADK@Z 0045d2b0 f   Game.obj
 0001:0005c370       ?CalcExpStock@CGame@@QAEXH@Z 0045d370 f   Game.obj
 0001:0005c5c0       ?___RestorePlayerRating@CGame@@QAEXH@Z 0045d5c0 f   Game.obj
 0001:0005c640       ?iGetExpLevel@CGame@@QAEHH@Z 0045d640 f   Game.obj
 0001:0005c6a0       ?AdminOrder_CallGuard@CGame@@QAEXHPADK@Z 0045d6a0 f   Game.obj
 0001:0005cb70       ?AdminOrder_SummonDemon@CGame@@QAEXH@Z 0045db70 f   Game.obj
 0001:0005cd50       ?AdminOrder_ReserveFightzone@CGame@@QAEXHPADK@Z 0045dd50 f   Game.obj
 0001:0005d090       ?AdminOrder_CloseConn@CGame@@QAEXHPADK@Z 0045e090 f   Game.obj
 0001:0005d3c0       ?UserCommand_BanGuildsman@CGame@@QAEXHPADK@Z 0045e3c0 f   Game.obj
 0001:0005d840       ?UserCommand_DissmissGuild@CGame@@QAEXHPADK@Z 0045e840 f   Game.obj
 0001:0005d860       ?iCreateFish@CGame@@QAEHDFFFPAVCItem@@HK@Z 0045e860 f   Game.obj
 0001:0005dac0       ?bDeleteFish@CGame@@QAEHHH@Z 0045eac0 f   Game.obj
 0001:0005dd30       ?iCheckFish@CGame@@QAEHHDFF@Z 0045ed30 f   Game.obj
 0001:0005e040       ?FishProcessor@CGame@@QAEXXZ 0045f040 f   Game.obj
 0001:0005e280       ?AdminOrder_CreateFish@CGame@@QAEXHPADK@Z 0045f280 f   Game.obj
 0001:0005e640       ?AdminOrder_Teleport@CGame@@QAEXHPADK@Z 0045f640 f   Game.obj
 0001:0005f040       ?ReqGetFishThisTimeHandler@CGame@@QAEXH@Z 00460040 f   Game.obj
 0001:0005f320       ?FishGenerator@CGame@@QAEXXZ 00460320 f   Game.obj
 0001:0005f940       ?_iCalcPlayerNum@CGame@@QAEHDFFD@Z 00460940 f   Game.obj
 0001:0005fa90       ?WhetherProcessor@CGame@@QAEXXZ 00460a90 f   Game.obj
 0001:0005fce0       ?FightzoneReserveProcessor@CGame@@QAEXXZ 00460ce0 f   Game.obj
 0001:0005fdb0       ?iGetWhetherMagicBonusEffect@CGame@@QAEHFD@Z 00460db0 f   Game.obj
 0001:0005fe60       ?iGetPlayerRelationship@CGame@@QAEHHH@Z 00460e60 f   Game.obj
 0001:00060160       ?iGetPlayerABSStatus@CGame@@QAEHHH@Z 00461160 f   Game.obj
 0001:00060460       ?iGetNpcRelationship@CGame@@QAEHHH@Z 00461460 f   Game.obj
 0001:00060510       ?iGetPlayerRelationship_SendEvent@CGame@@QAEHHH@Z 00461510 f   Game.obj
 0001:00060880       ?iGetNpcRelationship_SendEvent@CGame@@QAEHHH@Z 00461880 f   Game.obj
 0001:000609d0       ?iGetMapIndex@CGame@@QAEHPAD@Z 004619d0 f   Game.obj
 0001:00060a70       ?_iForcePlayerDisconect@CGame@@QAEHH@Z 00461a70 f   Game.obj
 0001:00060b10       ?SpecialEventHandler@CGame@@QAEXXZ 00461b10 f   Game.obj
 0001:00060b90       ?AdminOrder_CheckIP@CGame@@QAEXHPADK@Z 00461b90 f   Game.obj
 0001:00060ed0       ?ToggleSafeAttackModeHandler@CGame@@QAEXH@Z 00461ed0 f   Game.obj
 0001:00060f90       ?NpcRequestAssistance@CGame@@QAEXH@Z 00461f90 f   Game.obj
 0001:00061190       ?ForceDisconnectAccount@CGame@@QAEXPADG@Z 00462190 f   Game.obj
 0001:00061280       ?AdminOrder_Polymorph@CGame@@QAEXHPADK@Z 00462280 f   Game.obj
 0001:00061420       ?AdminOrder_SetInvi@CGame@@QAEXHPADK@Z 00462420 f   Game.obj
 0001:00061600       ?bOnClose@CGame@@QAEHXZ    00462600 f   Game.obj
 0001:00061650       ?_CheckAttackType@CGame@@QAEXHPAF@Z 00462650 f   Game.obj
 0001:000618e0       ?ReqCreatePortionHandler@CGame@@QAEXHPAD@Z 004628e0 f   Game.obj
 0001:00062770       ?_bDecodePortionConfigFileContents@CGame@@QAEHPADK@Z 00463770 f   Game.obj
 0001:00062ed0       ?LocalSavePlayerData@CGame@@QAEXH@Z 00463ed0 f   Game.obj
 0001:000631f0       ?MineralGenerator@CGame@@QAEXXZ 004641f0 f   Game.obj
 0001:00063350       ?iCreateMineral@CGame@@QAEHDHHD@Z 00464350 f   Game.obj
 0001:00063740       ?_CheckMiningAction@CGame@@QAEXHHH@Z 00464740 f   Game.obj
 0001:000643b0       ?bDeleteMineral@CGame@@QAEHH@Z 004653b0 f   Game.obj
 0001:000645a0       ?NpcTalkHandler@CGame@@QAEXHH@Z 004655a0 f   Game.obj
 0001:000647e0       ?CheckFireBluring@CGame@@QAEXDHH@Z 004657e0 f   Game.obj
 0001:00064930       ?AdminOrder_GetNpcStatus@CGame@@QAEXHPADK@Z 00465930 f   Game.obj
 0001:00064ba0       ?_iGetWeaponSkillType@CGame@@QAEHH@Z 00465ba0 f   Game.obj
 0001:00064c90       ?iGetComboAttackBonus@CGame@@QAEHHH@Z 00465c90 f   Game.obj
 0001:00064d40       ?SetDownSkillIndexHandler@CGame@@QAEXHH@Z 00465d40 f   Game.obj
 0001:00064de0       ?_bDepleteDestTypeItemUseEffect@CGame@@QAEHHHHFF@Z 00465de0 f   Game.obj
 0001:000650f0       ?__bSetOccupyFlag@CGame@@QAEHDHHHHHH@Z 004660f0 f   Game.obj
 0001:00065a80       ?SetSummonMobAction@CGame@@QAEXHHKPAD@Z 00466a80 f   Game.obj
 0001:00065eb0       ?GetOccupyFlagHandler@CGame@@QAEXH@Z 00466eb0 f   Game.obj
 0001:00066590       ?GetFightzoneTicketHandler@CGame@@QAEXH@Z 00467590 f   Game.obj
 0001:00066cc0       ?_iComposeFlagStatusContents@CGame@@QAEHPAD@Z 00467cc0 f   Game.obj
 0001:00066eb0       ?_bDecodeOccupyFlagSaveFileContents@CGame@@QAEHPADK@Z 00467eb0 f   Game.obj
 0001:00067350       ?GetHeroMantleHandler@CGame@@QAEXH@Z 00468350 f   Game.obj
 0001:00067a50       ?_SetItemPos@CGame@@QAEXHPAD@Z 00468a50 f   Game.obj
 0001:00067b30       ?CheckUniqueItemEquipment@CGame@@QAEXH@Z 00468b30 f   Game.obj
 0001:00067d10       ?_BWM_Init@CGame@@QAEXHPAD@Z 00468d10 f   Game.obj
 0001:00067d70       ?_BWM_Command_Shutup@CGame@@QAEXPAD@Z 00468d70 f   Game.obj
 0001:00067e80       ?ExchangeItemHandler@CGame@@QAEXHFHFFGPAD@Z 00468e80 f   Game.obj
 0001:00068390       ?SetExchangeItem@CGame@@QAEXHHH@Z 00469390 f   Game.obj
 0001:000686d0       ?ConfirmExchangeItem@CGame@@QAEXH@Z 004696d0 f   Game.obj
 0001:000694a0       ?_iGetItemSpaceLeft@CGame@@AAEHH@Z 0046a4a0 f   Game.obj
 0001:00069500       ?bAddItem@CGame@@QAEHHPAVCItem@@D@Z 0046a500 f   Game.obj
 0001:00069890       ?CancelExchangeItem@CGame@@QAEXH@Z 0046a890 f   Game.obj
 0001:000698d0       ?_ClearExchangeStatus@CGame@@AAEXH@Z 0046a8d0 f   Game.obj
 0001:000699c0       ?_iTalkToNpcResult_Cityhall@CGame@@AAEHHPAH0000PAD00000@Z 0046a9c0 f   Game.obj
 0001:0006a040       ?_iTalkToNpcResult_Guard@CGame@@QAEHHPAH0000PAD00000@Z 0046b040 f   Game.obj
 0001:0006a340       ?_bDecodeQuestConfigFileContents@CGame@@QAEHPADK@Z 0046b340 f   Game.obj
 0001:0006b8e0       ?__iSearchForQuest@CGame@@AAEHHHPAH0000PAD00000@Z 0046c8e0 f   Game.obj
 0001:0006bcc0       ?QuestAcceptedHandler@CGame@@QAEXH@Z 0046ccc0 f   Game.obj
 0001:0006be50       ?_SendQuestContents@CGame@@QAEXH@Z 0046ce50 f   Game.obj
 0001:0006bfe0       ?_CheckQuestEnvironment@CGame@@QAEXH@Z 0046cfe0 f   Game.obj
 0001:0006c190       ?_bCheckIsQuestCompleted@CGame@@QAEHH@Z 0046d190 f   Game.obj
 0001:0006c3e0       ?_iTalkToNpcResult_GuildHall@CGame@@QAEHHPAH0000PAD00000@Z 0046d3e0 f   Game.obj
 0001:0006c400       ?_iTalkToNpcResult_GShop@CGame@@QAEHHPAH0000PAD00000@Z 0046d400 f   Game.obj
 0001:0006c420       ?_iTalkToNpcResult_BSmith@CGame@@QAEHHPAH0000PAD00000@Z 0046d420 f   Game.obj
 0001:0006c440       ?_iTalkToNpcResult_WHouse@CGame@@QAEHHPAH0000PAD00000@Z 0046d440 f   Game.obj
 0001:0006c460       ?_iTalkToNpcResult_WTower@CGame@@QAEHHPAH0000PAD00000@Z 0046d460 f   Game.obj
 0001:0006c480       ?SendItemNotifyMsg@CGame@@QAEXHGPAVCItem@@H@Z 0046d480 f   Game.obj
 0001:0006c8a0       ?_bCheckItemReceiveCondition@CGame@@QAEHHPAVCItem@@@Z 0046d8a0 f   Game.obj
 0001:0006c940       ?_ClearQuestStatus@CGame@@QAEXH@Z 0046d940 f   Game.obj
 0001:0006c9d0       ?iGetMaxHP@CGame@@QAEHH@Z  0046d9d0 f   Game.obj
 0001:0006ca70       ?GetMapInitialPoint@CGame@@QAEXHPAF0PAD@Z 0046da70 f   Game.obj
 0001:0006cb90       ?_CheckStrategicPointOccupyStatus@CGame@@QAEXD@Z 0046db90 f   Game.obj
 0001:0006ccd0       ?OnSubLogSocketEvent@CGame@@QAEXIIJ@Z 0046dcd0 f   Game.obj
 0001:0006cfb0       ?OnSubLogRead@CGame@@QAEXH@Z 0046dfb0 f   Game.obj
 0001:0006d010       ?_bItemLog@CGame@@QAEHHHHPAVCItem@@@Z 0046e010 f   Game.obj
 0001:0006db90       ?_CheckGateSockConnection@CGame@@QAEXXZ 0046eb90 f   Game.obj
 0001:0006dc50       ?_bCheckSubLogSocketIndex@CGame@@QAEHXZ 0046ec50 f   Game.obj
 0001:0006dd50       ?_bDecodeBuildItemConfigFileContents@CGame@@QAEHPADK@Z 0046ed50 f   Game.obj
 0001:0006f230       ?BuildItemHandler@CGame@@QAEXHPAD@Z 00470230 f   Game.obj
 0001:0006fd90       ?AdminOrder_SetAttackMode@CGame@@QAEXHPADK@Z 00470d90 f   Game.obj
 0001:00070120       ?AdminOrder_UnsummonAll@CGame@@QAEXH@Z 00471120 f   Game.obj
 0001:00070200       ?AdminOrder_UnsummonDemon@CGame@@QAEXH@Z 00471200 f   Game.obj
 0001:000702e0       ?_cGetSpecialAbility@CGame@@QAEDH@Z 004712e0 f   Game.obj
 0001:00070560       ?AdminOrder_Summon@CGame@@QAEXHPADK@Z 00471560 f   Game.obj
 0001:00070ab0       ?CheckSpecialEvent@CGame@@QAEXH@Z 00471ab0 f   Game.obj
 0001:00070cc0       ?AdminOrder_DisconnectAll@CGame@@QAEXHPADK@Z 00471cc0 f   Game.obj
 0001:00070d40       ?NpcDeadItemGenerator@CGame@@QAEXHFD@Z 00471d40 f   Game.obj
 0001:00072b60       ?_bDecodeDupItemIDFileContents@CGame@@QAEHPADK@Z 00473b60 f   Game.obj
 0001:000732f0       ?_bCheckDupItemID@CGame@@QAEHPAVCItem@@@Z 004742f0 f   Game.obj
 0001:000733d0       ?_AdjustRareItemValue@CGame@@QAEXPAVCItem@@@Z 004743d0 f   Game.obj
 0001:00073530       ?RequestNoticementHandler@CGame@@QAEXHPAD@Z 00474530 f   Game.obj
 0001:000736d0       ?_bDecodeNoticementFileContents@CGame@@QAEXPADK@Z 004746d0 f   Game.obj
 0001:000737d0       ?RequestCheckAccountPasswordHandler@CGame@@QAEXPADK@Z 004747d0 f   Game.obj
 0001:00073920       ?_TamingHandler@CGame@@QAEXHHDHH@Z 00474920 f   Game.obj
 0001:00073ba0       ?GetMagicAbilityHandler@CGame@@QAEXH@Z 00474ba0 f   Game.obj
 0001:00073c40       ?iRequestPanningMapDataRequest@CGame@@QAEHHPAD@Z 00474c40 f   Game.obj
 0001:00073fe0       ?AdminOrder_SetObserverMode@CGame@@QAEXH@Z 00474fe0 f   Game.obj
 0001:00074170       ?RequestRestartHandler@CGame@@QAEXH@Z 00475170 f   Game.obj
 0001:000742d0       ?AdminOrder_EnableAdminCreateItem@CGame@@QAEXHPADK@Z 004752d0 f   Game.obj
 0001:00074330       ?AdminOrder_CreateItem@CGame@@QAEXHPADK@Z 00475330 f   Game.obj
 0001:000749f0       ?RequestSellItemListHandler@CGame@@QAEXHPAD@Z 004759f0 f   Game.obj
 0001:00074b00       ?_DeleteRandomOccupyFlag@CGame@@QAEXH@Z 00475b00 f   Game.obj
 0001:00075020       ?CreateNewPartyHandler@CGame@@QAEXH@Z 00476020 f   Game.obj
 0001:00075090       ?JoinPartyHandler@CGame@@QAEXHPAD@Z 00476090 f   Game.obj
 0001:00075140       ?bCheckEnergySphereDestination@CGame@@QAEHHFD@Z 00476140 f   Game.obj
 0001:00075a80       ?EnergySphereProcessor@CGame@@QAEXHH@Z 00476a80 f   Game.obj
 0001:000760a0       ?ActivateSpecialAbilityHandler@CGame@@QAEXH@Z 004770a0 f   Game.obj
 0001:00076280       ?CancelQuestHandler@CGame@@QAEXH@Z 00477280 f   Game.obj
 0001:000762e0       ?iGetItemWeight@CGame@@QAEHPAVCItem@@H@Z 004772e0 f   Game.obj
 0001:00076350       ?bGetItemNameWhenDeleteNpc@CGame@@QAEHPADF@Z 00477350 f   Game.obj
 0001:00077250       ?UpdateMapSectorInfo@CGame@@QAEXXZ 00478250 f   Game.obj
 0001:000779e0       ?AgingMapSectorInfo@CGame@@QAEXXZ 004789e0 f   Game.obj
 0001:00077db0       ?__bSetConstructionKit@CGame@@QAEHHHHHHH@Z 00478db0 f   Game.obj
 0001:00078170       ?_bNpcBehavior_ManaCollector@CGame@@QAEHH@Z 00479170 f   Game.obj
 0001:00078470       ?_bNpcBehavior_Detector@CGame@@QAEHH@Z 00479470 f   Game.obj
 0001:00078690       ?CheckCrusadeResultCalculation@CGame@@QAEXH@Z 00479690 f   Game.obj
 0001:000789d0       ?LocalStartCrusadeMode@CGame@@QAEXK@Z 004799d0 f   Game.obj
 0001:00078b50       ?LocalEndCrusadeMode@CGame@@QAEXH@Z 00479b50 f   Game.obj
 0001:00078c80       ?SaveOccupyFlagData@CGame@@QAEXXZ 00479c80 f   Game.obj
 0001:00078d50       ?CreateCrusadeStructures@CGame@@QAEXXZ 00479d50 f   Game.obj
 0001:00079170       ?SendCollectedMana@CGame@@QAEXXZ 0047a170 f   Game.obj
 0001:00079250       ?CollectedManaHandler@CGame@@QAEXGG@Z 0047a250 f   Game.obj
 0001:000792c0       ?_NpcBehavior_GrandMagicGenerator@CGame@@QAEXH@Z 0047a2c0 f   Game.obj
 0001:00079470       ?MeteorStrikeMsgHandler@CGame@@QAEXD@Z 0047a470 f   Game.obj
 0001:00079770       ?_LinkStrikePointMapIndex@CGame@@QAEXXZ 0047a770 f   Game.obj
 0001:00079910       ?MeteorStrikeHandler@CGame@@QAEXH@Z 0047a910 f   Game.obj
 0001:00079ea0       ?RequestSetGuildTeleportLocHandler@CGame@@QAEXHHHHPAD@Z 0047aea0 f   Game.obj
 0001:0007a320       ?RequestSetGuildConstructLocHandler@CGame@@QAEXHHHHPAD@Z 0047b320 f   Game.obj
 0001:0007a7a0       ?RequestGuildTeleportHandler@CGame@@QAEXH@Z 0047b7a0 f   Game.obj
 0001:0007a940       ?RequestSummonWarUnitHandler@CGame@@QAEXHHHDDD@Z 0047b940 f   Game.obj
 0001:0007b2e0       ?CheckConnectionHandler@CGame@@QAEXHPAD@Z 0047c2e0 f   Game.obj
 0001:0007b440       ?SelectCrusadeDutyHandler@CGame@@QAEXHH@Z 0047c440 f   Game.obj
 0001:0007b4d0       ?MapStatusHandler@CGame@@QAEXHHPAD@Z 0047c4d0 f   Game.obj
 0001:0007ba00       ?_SendMapStatus@CGame@@QAEXH@Z 0047ca00 f   Game.obj
 0001:0007bcf0       ?RemoveCrusadeStructures@CGame@@QAEXXZ 0047ccf0 f   Game.obj
 0001:0007bd60       ?RequestHelpHandler@CGame@@QAEXH@Z 0047cd60 f   Game.obj
 0001:0007bec0       ?bStockMsgToGateServer@CGame@@QAEHPADK@Z 0047cec0 f   Game.obj
 0001:0007bf40       ?SendStockMsgToGateServer@CGame@@QAEXXZ 0047cf40 f   Game.obj
 0001:0007bfe0       ?ServerStockMsgHandler@CGame@@QAEXPAD@Z 0047cfe0 f   Game.obj
 0001:0007c890       ?GSM_RequestFindCharacter@CGame@@QAEXGGPAD@Z 0047d890 f   Game.obj
 0001:0007c9a0       ?DoMeteorStrikeDamageHandler@CGame@@QAEXH@Z 0047d9a0 f   Game.obj
 0001:0007cc80       ?CalcMeteorStrikeEffectHandler@CGame@@QAEXH@Z 0047dc80 f   Game.obj
 0001:0007d070       ?GrandMagicResultHandler@CGame@@QAEXPADHHHH@Z 0047e070 f   Game.obj
 0001:0007d0f0       ?_GrandMagicLaunchMsgSend@CGame@@QAEXHD@Z 0047e0f0 f   Game.obj
 0001:0007d180       ?SyncMiddlelandMapInfo@CGame@@QAEXXZ 0047e180 f   Game.obj
 0001:0007d420       ?GSM_SetGuildTeleportLoc@CGame@@QAEXHHHPAD@Z 0047e420 f   Game.obj
 0001:0007d740       ?GSM_SetGuildConstructLoc@CGame@@QAEXHHHPAD@Z 0047e740 f   Game.obj
 0001:0007da60       ?GlobalStartCrusadeMode@CGame@@QAEXXZ 0047ea60 f   Game.obj
 0001:0007daf0       ?CheckCommanderConstructionPoint@CGame@@QAEXH@Z 0047eaf0 f   Game.obj
 0001:0007ddd0       ?GSM_ConstructionPoint@CGame@@QAEXHH@Z 0047edd0 f   Game.obj
 0001:0007df60       ?bAddClientShortCut@CGame@@QAEHH@Z 0047ef60 f   Game.obj
 0001:0007dff0       ?RemoveClientShortCut@CGame@@QAEXH@Z 0047eff0 f   Game.obj
 0001:0007e0c0       ?_CreateCrusadeGUID@CGame@@QAEXKH@Z 0047f0c0 f   Game.obj
 0001:0007e2b0       ?bReadCrusadeGUIDFile@CGame@@QAEHPAD@Z 0047f2b0 f   Game.obj
 0001:0007e5c0       ?ManualEndCrusadeMode@CGame@@QAEXH@Z 0047f5c0 f   Game.obj
 0001:0007e6b0       ?iGetMapLocationSide@CGame@@QAEHPAD@Z 0047f6b0 f   Game.obj
 0001:0007e8f0       ?bCopyItemContents@CGame@@QAEHPAVCItem@@0@Z 0047f8f0 f   Game.obj
 0001:0007eb10       ??0CGuildsMan@@QAE@XZ      0047fb10 f   GuildsMan.obj
 0001:0007eb50       ??_ECGuildsMan@@UAEPAXI@Z  0047fb50 f i GuildsMan.obj
 0001:0007eb50       ??_GCGuildsMan@@UAEPAXI@Z  0047fb50 f i GuildsMan.obj
 0001:0007eb90       ??1CGuildsMan@@UAE@XZ      0047fb90 f   GuildsMan.obj
 0001:0007ebb0       ??0CItem@@QAE@XZ           0047fbb0 f   Item.obj
 0001:0007ecc0       ??_ECItem@@UAEPAXI@Z       0047fcc0 f i Item.obj
 0001:0007ecc0       ??_GCItem@@UAEPAXI@Z       0047fcc0 f i Item.obj
 0001:0007ed00       ??1CItem@@UAE@XZ           0047fd00 f   Item.obj
 0001:0007ed20       ??0CMagic@@QAE@XZ          0047fd20 f   Magic.obj
 0001:0007ed60       ??_ECMagic@@UAEPAXI@Z      0047fd60 f i Magic.obj
 0001:0007ed60       ??_GCMagic@@UAEPAXI@Z      0047fd60 f i Magic.obj
 0001:0007eda0       ??1CMagic@@UAE@XZ          0047fda0 f   Magic.obj
 0001:0007edc0       ??0CMap@@QAE@PAVCGame@@@Z  0047fdc0 f   Map.obj
 0001:0007f4e0       ??_ECMap@@UAEPAXI@Z        004804e0 f i Map.obj
 0001:0007f4e0       ??_GCMap@@UAEPAXI@Z        004804e0 f i Map.obj
 0001:0007f520       ??1CMap@@UAE@XZ            00480520 f   Map.obj
 0001:0007f690       ?SetOwner@CMap@@QAEXFDFF@Z 00480690 f   Map.obj
 0001:0007f710       ?SetDeadOwner@CMap@@QAEXFDFF@Z 00480710 f   Map.obj
 0001:0007f790       ?GetOwner@CMap@@QAEXPAFPADFF@Z 00480790 f   Map.obj
 0001:0007f840       ?GetDeadOwner@CMap@@QAEXPAFPADFF@Z 00480840 f   Map.obj
 0001:0007f8d0       ?bGetMoveable@CMap@@QAEHFFPAF@Z 004808d0 f   Map.obj
 0001:0007f990       ?bGetIsMoveAllowedTile@CMap@@QAEHFF@Z 00480990 f   Map.obj
 0001:0007fa30       ?bGetIsTeleport@CMap@@QAEHFF@Z 00480a30 f   Map.obj
 0001:0007fac0       ?ClearOwner@CMap@@QAEXHFDFF@Z 00480ac0 f   Map.obj
 0001:0007fb90       ?ClearDeadOwner@CMap@@QAEXFF@Z 00480b90 f   Map.obj
 0001:0007fc10       ?bSetItem@CMap@@QAEHFFPAVCItem@@@Z 00480c10 f   Map.obj
 0001:0007fd10       ?pGetItem@CMap@@QAEPAVCItem@@FFPAF0PAD@Z 00480d10 f   Map.obj
 0001:0007fe40       ?iCheckItem@CMap@@QAEHFF@Z 00480e40 f   Map.obj
 0001:0007fed0       ?bIsValidLoc@CMap@@QAEHFF@Z 00480ed0 f   Map.obj
 0001:0007ff20       ?bInit@CMap@@QAEHPAD@Z     00480f20 f   Map.obj
 0001:0007ffb0       ?_bDecodeMapDataFileContents@CMap@@AAEHXZ 00480fb0 f   Map.obj
 0001:00080500       ??_ECTile@@UAEPAXI@Z       00481500 f i Map.obj
 0001:00080580       ?bSearchTeleportDest@CMap@@QAEHHHPADPAH10@Z 00481580 f   Map.obj
 0001:00080650       ?SetDynamicObject@CMap@@QAEXGFFFK@Z 00481650 f   Map.obj
 0001:000806e0       ?bGetDynamicObject@CMap@@QAEHFFPAFPAKPAH@Z 004816e0 f   Map.obj
 0001:00080780       ?iGetEmptyNamingValue@CMap@@QAEHXZ 00481780 f   Map.obj
 0001:000807e0       ?SetNamingValueEmpty@CMap@@QAEXH@Z 004817e0 f   Map.obj
 0001:00080810       ?bGetIsWater@CMap@@QAEHFF@Z 00481810 f   Map.obj
 0001:000808a0       ?iAnalyze@CMap@@QAEHDPAH0000@Z 004818a0 f   Map.obj
 0001:000808c0       ?SetTempMoveAllowedFlag@CMap@@QAEXHHH@Z 004818c0 f   Map.obj
 0001:00080930       ?iRegisterOccupyFlag@CMap@@QAEHHHHHH@Z 00481930 f   Map.obj
 0001:00080a50       ?ClearSectorInfo@CMap@@QAEXXZ 00481a50 f   Map.obj
 0001:00080b50       ?ClearTempSectorInfo@CMap@@QAEXXZ 00481b50 f   Map.obj
 0001:00080c50       ?_SetupNoAttackArea@CMap@@QAEXXZ 00481c50 f   Map.obj
 0001:00080dd0       ?iGetAttribute@CMap@@QAEHHHH@Z 00481dd0 f   Map.obj
 0001:00080e40       ?bAddCrusadeStructureInfo@CMap@@QAEHDFFD@Z 00481e40 f   Map.obj
 0001:00080f00       ?bRemoveCrusadeStructureInfo@CMap@@QAEHFF@Z 00481f00 f   Map.obj
 0001:00081120       ?RestoreStrikePoints@CMap@@QAEXXZ 00482120 f   Map.obj
 0001:00081170       ??0CMineral@@QAE@DDHHH@Z   00482170 f   Mineral.obj
 0001:000811d0       ??_GCMineral@@UAEPAXI@Z    004821d0 f i Mineral.obj
 0001:000811d0       ??_ECMineral@@UAEPAXI@Z    004821d0 f i Mineral.obj
 0001:00081210       ??1CMineral@@UAE@XZ        00482210 f   Mineral.obj
 0001:00081230       ??0CMisc@@QAE@XZ           00482230 f   Misc.obj
 0001:00081250       ??_GCMisc@@UAEPAXI@Z       00482250 f i Misc.obj
 0001:00081250       ??_ECMisc@@UAEPAXI@Z       00482250 f i Misc.obj
 0001:00081290       ??1CMisc@@UAE@XZ           00482290 f   Misc.obj
 0001:000812b0       ?GetMyCursorPos@CMisc@@QAEXPAF0@Z 004822b0 f   Misc.obj
 0001:000812f0       ?cGetNextMoveDir@CMisc@@QAEDFFFF@Z 004822f0 f   Misc.obj
 0001:000813d0       ?GetPoint@CMisc@@QAEXHHHHPAH00@Z 004823d0 f   Misc.obj
 0001:00081520       ?GetPoint2@CMisc@@QAEXHHHHPAH00H@Z 00482520 f   Misc.obj
 0001:000816b0       ?GetDirPoint@CMisc@@QAEXDPAH0@Z 004826b0 f   Misc.obj
 0001:00081790       ?bEncode@CMisc@@QAEHDPAD@Z 00482790 f   Misc.obj
 0001:000817e0       ?bDecode@CMisc@@QAEHDPAD@Z 004827e0 f   Misc.obj
 0001:00081830       ?bCheckValidName@CMisc@@QAEHPAD@Z 00482830 f   Misc.obj
 0001:00081a10       ?Temp@CMisc@@QAEXXZ        00482a10 f   Misc.obj
 0001:00081d90       ??0CMsg@@QAE@XZ            00482d90 f   Msg.obj
 0001:00081dd0       ??_ECMsg@@UAEPAXI@Z        00482dd0 f i Msg.obj
 0001:00081dd0       ??_GCMsg@@UAEPAXI@Z        00482dd0 f i Msg.obj
 0001:00081e10       ??1CMsg@@UAE@XZ            00482e10 f   Msg.obj
 0001:00081e50       ?bPut@CMsg@@QAEHDPADKHD@Z  00482e50 f   Msg.obj
 0001:00081ef0       ?Get@CMsg@@QAEXPAD0PAKPAH0@Z 00482ef0 f   Msg.obj
 0001:00081f50       ??0CNpc@@QAE@PAD@Z         00482f50 f   Npc.obj
 0001:000820c0       ??_ECNpc@@UAEPAXI@Z        004830c0 f i Npc.obj
 0001:000820c0       ??_GCNpc@@UAEPAXI@Z        004830c0 f i Npc.obj
 0001:00082100       ??1CNpc@@UAE@XZ            00483100 f   Npc.obj
 0001:00082120       ??0COccupyFlag@@QAE@HHDHH@Z 00483120 f   OccupyFlag.obj
 0001:00082170       ??_ECOccupyFlag@@UAEPAXI@Z 00483170 f i OccupyFlag.obj
 0001:00082170       ??_GCOccupyFlag@@UAEPAXI@Z 00483170 f i OccupyFlag.obj
 0001:000821b0       ??1COccupyFlag@@UAE@XZ     004831b0 f   OccupyFlag.obj
 0001:000821d0       ??0CPortion@@QAE@XZ        004831d0 f   Portion.obj
 0001:00082240       ??_GCPortion@@UAEPAXI@Z    00483240 f i Portion.obj
 0001:00082240       ??_ECPortion@@UAEPAXI@Z    00483240 f i Portion.obj
 0001:00082280       ??1CPortion@@UAE@XZ        00483280 f   Portion.obj
 0001:000822a0       ??0CQuest@@QAE@XZ          004832a0 f   Quest.obj
 0001:000822c0       ??_GCQuest@@UAEPAXI@Z      004832c0 f i Quest.obj
 0001:000822c0       ??_ECQuest@@UAEPAXI@Z      004832c0 f i Quest.obj
 0001:00082300       ??1CQuest@@UAE@XZ          00483300 f   Quest.obj
 0001:00082320       ??0CSkill@@QAE@XZ          00483320 f   Skill.obj
 0001:00082360       ??_ECSkill@@UAEPAXI@Z      00483360 f i Skill.obj
 0001:00082360       ??_GCSkill@@UAEPAXI@Z      00483360 f i Skill.obj
 0001:000823a0       ??1CSkill@@UAE@XZ          004833a0 f   Skill.obj
 0001:000823c0       ??0CStrategicPoint@@QAE@XZ 004833c0 f   StrategicPoint.obj
 0001:00082400       ??_GCStrategicPoint@@UAEPAXI@Z 00483400 f i StrategicPoint.obj
 0001:00082400       ??_ECStrategicPoint@@UAEPAXI@Z 00483400 f i StrategicPoint.obj
 0001:00082440       ??1CStrategicPoint@@UAE@XZ 00483440 f   StrategicPoint.obj
 0001:00082460       ??0CStrTok@@QAE@PAD0@Z     00483460 f   StrTok.obj
 0001:000824c0       ??_GCStrTok@@UAEPAXI@Z     004834c0 f i StrTok.obj
 0001:000824c0       ??_ECStrTok@@UAEPAXI@Z     004834c0 f i StrTok.obj
 0001:00082500       ??1CStrTok@@UAE@XZ         00483500 f   StrTok.obj
 0001:00082520       ?pGet@CStrTok@@QAEPADXZ    00483520 f   StrTok.obj
 0001:000826d0       ?_bIsSeperator@CStrTok@@AAEHDD@Z 004836d0 f   StrTok.obj
 0001:00082750       ??0CTeleportLoc@@QAE@XZ    00483750 f   TeleportLoc.obj
 0001:000827e0       ??_GCTeleportLoc@@UAEPAXI@Z 004837e0 f i TeleportLoc.obj
 0001:000827e0       ??_ECTeleportLoc@@UAEPAXI@Z 004837e0 f i TeleportLoc.obj
 0001:00082820       ??1CTeleportLoc@@UAE@XZ    00483820 f   TeleportLoc.obj
 0001:00082840       ??0CTile@@QAE@XZ           00483840 f   Tile.obj
 0001:00082910       ??_GCTile@@UAEPAXI@Z       00483910 f i Tile.obj
 0001:00082950       ??1CTile@@UAE@XZ           00483950 f   Tile.obj
 0001:000829d0       ?ThreadProc@@YAXPAX@Z      004839d0 f   wmain.obj
 0001:00082a20       ?WndProc@@YGJPAUHWND__@@IIJ@Z 00483a20 f   wmain.obj
 0001:00082c60       _WinMain@16                00483c60 f   wmain.obj
 0001:00082cc0       ?InitApplication@@YAHPAUHINSTANCE__@@@Z 00483cc0 f   wmain.obj
 0001:00082d30       ?InitInstance@@YAHPAUHINSTANCE__@@H@Z 00483d30 f   wmain.obj
 0001:00082e00       ?EventLoop@@YAHXZ          00483e00 f   wmain.obj
 0001:00082e70       ?Initialize@@YAXXZ         00483e70 f   wmain.obj
 0001:00082ff0       ?OnDestroy@@YAXXZ          00483ff0 f   wmain.obj
 0001:000830f0       ?PutLogList@@YAXPAD@Z      004840f0 f   wmain.obj
 0001:00083180       ?UpdateScreen@@YAXXZ       00484180 f   wmain.obj
 0001:000831c0       ?OnPaint@@YAXXZ            004841c0 f   wmain.obj
 0001:00083280       ?OnKeyUp@@YAXIJ@Z          00484280 f   wmain.obj
 0001:00083290       ?OnAccept@@YAXXZ           00484290 f   wmain.obj
 0001:000832c0       ?_TimerFunc@@YGXIIKKK@Z    004842c0 f   wmain.obj
 0001:000832f0       ?_StartTimer@@YAIK@Z       004842f0 f   wmain.obj
 0001:00083340       ?_StopTimer@@YAXI@Z        00484340 f   wmain.obj
 0001:00083380       ?PutLogFileList@@YAXPAD@Z  00484380 f   wmain.obj
 0001:00083490       ?PutAdminLogFileList@@YAXPAD@Z 00484490 f   wmain.obj
 0001:000835a0       ?PutItemLogFileList@@YAXPAD@Z 004845a0 f   wmain.obj
 0001:000836b0       ?PutLogEventFileList@@YAXPAD@Z 004846b0 f   wmain.obj
 0001:000837c0       ??0XSocket@@QAE@PAUHWND__@@H@Z 004847c0 f   XSocket.obj
 0001:000838b0       ??_EXSocket@@UAEPAXI@Z     004848b0 f i XSocket.obj
 0001:000838b0       ??_GXSocket@@UAEPAXI@Z     004848b0 f i XSocket.obj
 0001:000838f0       ??1XSocket@@UAE@XZ         004848f0 f   XSocket.obj
 0001:000839a0       ?bInitBufferSize@XSocket@@QAEHK@Z 004849a0 f   XSocket.obj
 0001:00083a50       ?iOnSocketEvent@XSocket@@QAEHIJ@Z 00484a50 f   XSocket.obj
 0001:00083bd0       ?bConnect@XSocket@@QAEHPADHI@Z 00484bd0 f   XSocket.obj
 0001:00083d50       ?_iOnRead@XSocket@@AAEHXZ  00484d50 f   XSocket.obj
 0001:00083f70       ?_iSend@XSocket@@AAEHPADHH@Z 00484f70 f   XSocket.obj
 0001:000840a0       ?_iSend_ForInternalUse@XSocket@@AAEHPADH@Z 004850a0 f   XSocket.obj
 0001:00084120       ?_iRegisterUnsentData@XSocket@@AAEHPADH@Z 00485120 f   XSocket.obj
 0001:00084210       ?_iSendUnsentData@XSocket@@AAEHXZ 00485210 f   XSocket.obj
 0001:000843d0       ?iSendMsg@XSocket@@QAEHPADKD@Z 004853d0 f   XSocket.obj
 0001:00084500       ?bListen@XSocket@@QAEHPADHI@Z 00485500 f   XSocket.obj
 0001:00084610       ?bAccept@XSocket@@QAEHPAV1@I@Z 00485610 f   XSocket.obj
 0001:000846f0       ?_CloseConn@XSocket@@AAEXXZ 004856f0 f   XSocket.obj
 0001:00084780       ?iGetSocket@XSocket@@QAEIXZ 00485780 f   XSocket.obj
 0001:000847a0       ?pGetRcvDataPointer@XSocket@@QAEPADPAKPAD@Z 004857a0 f   XSocket.obj
 0001:00084880       ?_InitWinsock@@YAHXZ       00485880 f   XSocket.obj
 0001:000848c0       ?_TermWinsock@@YAXXZ       004858c0 f   XSocket.obj
 0001:000848e0       ?iGetPeerAddress@XSocket@@QAEHPAD@Z 004858e0 f   XSocket.obj
 0001:0008492c       _GetLocalTime@4            0048592c f   kernel32:KERNEL32.dll
 0001:00084932       _Sleep@4                   00485932 f   kernel32:KERNEL32.dll
 0001:00084938       _CloseHandle@4             00485938 f   kernel32:KERNEL32.dll
 0001:0008493e       _GetFileSize@8             0048593e f   kernel32:KERNEL32.dll
 0001:00084944       _CreateFileA@28            00485944 f   kernel32:KERNEL32.dll
 0001:0008494a       _WriteFile@20              0048594a f   kernel32:KERNEL32.dll
 0001:00084950       _GetCurrentProcessId@0     00485950 f   kernel32:KERNEL32.dll
 0001:00084956       _ReadFile@20               00485956 f   kernel32:KERNEL32.dll
 0001:0008495c       _ExitThread@4              0048595c f   kernel32:KERNEL32.dll
 0001:00084962       _wsprintfA                 00485962 f   user32:USER32.dll
 0001:00084968       _PostQuitMessage@4         00485968 f   user32:USER32.dll
 0001:0008496e       _SendMessageA@16           0048596e f   user32:USER32.dll
 0001:00084974       _InvalidateRect@12         00485974 f   user32:USER32.dll
 0001:0008497a       _SetRect@20                0048597a f   user32:USER32.dll
 0001:00084980       _MessageBoxA@16            00485980 f   user32:USER32.dll
 0001:00084986       _GetCursorPos@4            00485986 f   user32:USER32.dll
 0001:0008498c       _DefWindowProcA@16         0048598c f   user32:USER32.dll
 0001:00084992       _RegisterClassA@4          00485992 f   user32:USER32.dll
 0001:00084998       _LoadCursorA@8             00485998 f   user32:USER32.dll
 0001:0008499e       _UpdateWindow@4            0048599e f   user32:USER32.dll
 0001:000849a4       _ShowWindow@8              004859a4 f   user32:USER32.dll
 0001:000849aa       _CreateWindowExA@48        004859aa f   user32:USER32.dll
 0001:000849b0       _WaitMessage@0             004859b0 f   user32:USER32.dll
 0001:000849b6       _DispatchMessageA@4        004859b6 f   user32:USER32.dll
 0001:000849bc       _TranslateMessage@4        004859bc f   user32:USER32.dll
 0001:000849c2       _GetMessageA@16            004859c2 f   user32:USER32.dll
 0001:000849c8       _PeekMessageA@20           004859c8 f   user32:USER32.dll
 0001:000849ce       _EndPaint@8                004859ce f   user32:USER32.dll
 0001:000849d4       _BeginPaint@8              004859d4 f   user32:USER32.dll
 0001:000849da       _PostMessageA@16           004859da f   user32:USER32.dll
 0001:000849e0       _TextOutA@20               004859e0 f   gdi32:GDI32.dll
 0001:000849e6       _SetBkMode@8               004859e6 f   gdi32:GDI32.dll
 0001:000849ec       _timeGetTime@0             004859ec f   Winmm:WINMM.dll
 0001:000849f2       _timeSetEvent@20           004859f2 f   Winmm:WINMM.dll
 0001:000849f8       _timeBeginPeriod@4         004859f8 f   Winmm:WINMM.dll
 0001:000849fe       _timeGetDevCaps@8          004859fe f   Winmm:WINMM.dll
 0001:00084a04       _timeEndPeriod@4           00485a04 f   Winmm:WINMM.dll
 0001:00084a0a       _timeKillEvent@4           00485a0a f   Winmm:WINMM.dll
 0001:00084a10       _setsockopt@20             00485a10 f   Ws2_32:WS2_32.dll
 0001:00084a16       _WSAAsyncSelect@16         00485a16 f   Ws2_32:WS2_32.dll
 0001:00084a1c       _WSAGetLastError@0         00485a1c f   Ws2_32:WS2_32.dll
 0001:00084a22       _connect@12                00485a22 f   Ws2_32:WS2_32.dll
 0001:00084a28       _htons@4                   00485a28 f   Ws2_32:WS2_32.dll
 0001:00084a2e       _inet_addr@4               00485a2e f   Ws2_32:WS2_32.dll
 0001:00084a34       _ioctlsocket@12            00485a34 f   Ws2_32:WS2_32.dll
 0001:00084a3a       _socket@12                 00485a3a f   Ws2_32:WS2_32.dll
 0001:00084a40       _closesocket@4             00485a40 f   Ws2_32:WS2_32.dll
 0001:00084a46       _recv@16                   00485a46 f   Ws2_32:WS2_32.dll
 0001:00084a4c       _send@16                   00485a4c f   Ws2_32:WS2_32.dll
 0001:00084a52       _listen@8                  00485a52 f   Ws2_32:WS2_32.dll
 0001:00084a58       _bind@12                   00485a58 f   Ws2_32:WS2_32.dll
 0001:00084a5e       _accept@12                 00485a5e f   Ws2_32:WS2_32.dll
 0001:00084a64       _shutdown@8                00485a64 f   Ws2_32:WS2_32.dll
 0001:00084a6a       _WSAStartup@8              00485a6a f   Ws2_32:WS2_32.dll
 0001:00084a70       _WSACleanup@0              00485a70 f   Ws2_32:WS2_32.dll
 0001:00084a76       _inet_ntoa@4               00485a76 f   Ws2_32:WS2_32.dll
 0001:00084a7c       _getpeername@12            00485a7c f   Ws2_32:WS2_32.dll
 0001:00084a90       _memset                    00485a90 f   LIBCMTD:memset.obj
 0001:00084af0       ??3@YAXPAX@Z               00485af0 f   LIBCMTD:dbgdel.obj
 0001:00084ba0       _strcpy                    00485ba0 f   LIBCMTD:strcat.obj
 0001:00084bb0       _strcat                    00485bb0 f   LIBCMTD:strcat.obj
 0001:00084c90       ??2@YAPAXI@Z               00485c90 f   LIBCMTD:new.obj
 0001:00084cb0       ?_JumpToContinuation@@YGXPAXPAUEHRegistrationNode@@@Z 00485cb0 f   LIBCMTD:trnsctrl.obj
 0001:00084cf0       ?_CallMemberFunction0@@YGXPAX0@Z 00485cf0 f   LIBCMTD:trnsctrl.obj
 0001:00084d00       ?_CallMemberFunction1@@YGXPAX00@Z 00485d00 f   LIBCMTD:trnsctrl.obj
 0001:00084d10       ?_CallMemberFunction2@@YGXPAX00H@Z 00485d10 f   LIBCMTD:trnsctrl.obj
 0001:00084d20       ?_UnwindNestedFrames@@YGXPAUEHRegistrationNode@@PAUEHExceptionRecord@@@Z 00485d20 f   LIBCMTD:trnsctrl.obj
 0001:00084d80       ___CxxFrameHandler         00485d80 f   LIBCMTD:trnsctrl.obj
 0001:00084dc0       ___CxxLongjmpUnwind@4      00485dc0 f   LIBCMTD:trnsctrl.obj
 0001:00084df0       ?_CallCatchBlock2@@YAPAXPAUEHRegistrationNode@@PBU_s_FuncInfo@@PAXHK@Z 00485df0 f   LIBCMTD:trnsctrl.obj
 0001:00084ea0       ?_CallSETranslator@@YAHPAUEHExceptionRecord@@PAUEHRegistrationNode@@PAX2PBU_s_FuncInfo@@H1@Z 00485ea0 f   LIBCMTD:trnsctrl.obj
 0001:00085000       ?_GetRangeOfTrysToCheck@@YAPBU_s_TryBlockMapEntry@@PBU_s_FuncInfo@@HHPAI1@Z 00486000 f   LIBCMTD:trnsctrl.obj
 0001:00085090       __global_unwind2           00486090 f   LIBCMTD:exsup.obj
 0001:000850d2       __local_unwind2            004860d2 f   LIBCMTD:exsup.obj
 0001:0008512a       __NLG_Return2              0048612a f   LIBCMTD:exsup.obj
 0001:0008513a       __abnormal_termination     0048613a f   LIBCMTD:exsup.obj
 0001:0008515d       __NLG_Notify1              0048615d f   LIBCMTD:exsup.obj
 0001:00085166       __NLG_Notify               00486166 f   LIBCMTD:exsup.obj
 0001:00085179       __NLG_Dispatch             00486179 f   LIBCMTD:exsup.obj
 0001:00085180       _srand                     00486180 f   LIBCMTD:rand.obj
 0001:00085190       _rand                      00486190 f   LIBCMTD:rand.obj
 0001:000851d0       ??_L@YGXPAXIHP6EX0@Z1@Z    004861d0 f   LIBCMTD:ehvecctr.obj
 0001:00085270       ??_M@YGXPAXIHP6EX0@Z@Z     00486270 f   LIBCMTD:ehvecdtr.obj
 0001:00085320       ?__ArrayUnwind@@YGXPAXIHP6EX0@Z@Z 00486320 f   LIBCMTD:ehvecdtr.obj
 0001:000853d0       _time                      004863d0 f   LIBCMTD:time.obj
 0001:00085560       _strlen                    00486560 f   LIBCMTD:strlen.obj
 0001:000855e0       _memcpy                    004865e0 f   LIBCMTD:memcpy.obj
 0001:00085920       _memcmp                    00486920 f   LIBCMTD:memcmp.obj
 0001:000859d0       _strcmp                    004869d0 f   LIBCMTD:strcmp.obj
 0001:00085a60       _abs                       00486a60 f   LIBCMTD:abs.obj
 0001:00085a90       _fclose                    00486a90 f   LIBCMTD:fclose.obj
 0001:00085b20       __fclose_lk                00486b20 f   LIBCMTD:fclose.obj
 0001:00085be0       _atol                      00486be0 f   LIBCMTD:atox.obj
 0001:00085ce0       _atoi                      00486ce0 f   LIBCMTD:atox.obj
 0001:00085d00       __atoi64                   00486d00 f   LIBCMTD:atox.obj
 0001:00085e30       _fread                     00486e30 f   LIBCMTD:fread.obj
 0001:00085e70       __fread_lk                 00486e70 f   LIBCMTD:fread.obj
 0001:00086040       __fsopen                   00487040 f   LIBCMTD:fopen.obj
 0001:00086140       _fopen                     00487140 f   LIBCMTD:fopen.obj
 0001:00086160       __fpmath                   00487160 f   LIBCMTD:fpinit.obj
 0001:00086190       __fpclear                  00487190 f   LIBCMTD:fpinit.obj
 0001:000861a0       __cfltcvt_init             004871a0 f   LIBCMTD:fpinit.obj
 0001:000861f0       ___setfflag                004871f0 f   LIBCMTD:fpinit.obj
 0001:0008620c       __ftol                     0048720c f   LIBCMTD:ftol.obj
 0001:00086240       _fwrite                    00487240 f   LIBCMTD:fwrite.obj
 0001:00086280       __fwrite_lk                00487280 f   LIBCMTD:fwrite.obj
 0001:000864a0       __mkdir                    004874a0 f   LIBCMTD:mkdir.obj
 0001:000864f0       __alloca_probe             004874f0 f   LIBCMTD:chkstk.obj
 0001:000864f0       __chkstk                   004874f0 f   LIBCMTD:chkstk.obj
 0001:00086520       _sprintf                   00487520 f   LIBCMTD:sprintf.obj
 0001:00086620       _WinMainCRTStartup         00487620 f   LIBCMTD:wincrt0.obj
 0001:00086790       __amsg_exit                00487790 f   LIBCMTD:wincrt0.obj
 0001:000867f0       __mtinitlocks              004877f0 f   LIBCMTD:mlock.obj
 0001:00086830       __mtdeletelocks            00487830 f   LIBCMTD:mlock.obj
 0001:000868d0       __lock                     004878d0 f   LIBCMTD:mlock.obj
 0001:00086970       __unlock                   00487970 f   LIBCMTD:mlock.obj
 0001:00086990       __lockerr_exit             00487990 f   LIBCMTD:mlock.obj
 0001:000869b0       _malloc                    004879b0 f   LIBCMTD:dbgheap.obj
 0001:000869e0       __malloc_dbg               004879e0 f   LIBCMTD:dbgheap.obj
 0001:00086a10       __nh_malloc                00487a10 f   LIBCMTD:dbgheap.obj
 0001:00086a30       __nh_malloc_dbg            00487a30 f   LIBCMTD:dbgheap.obj
 0001:00086ad0       __heap_alloc               00487ad0 f   LIBCMTD:dbgheap.obj
 0001:00086af0       __heap_alloc_dbg           00487af0 f   LIBCMTD:dbgheap.obj
 0001:00086e10       _calloc                    00487e10 f   LIBCMTD:dbgheap.obj
 0001:00086e40       __calloc_dbg               00487e40 f   LIBCMTD:dbgheap.obj
 0001:00086ea0       _realloc                   00487ea0 f   LIBCMTD:dbgheap.obj
 0001:00086ed0       __realloc_dbg              00487ed0 f   LIBCMTD:dbgheap.obj
 0001:00087480       __expand                   00488480 f   LIBCMTD:dbgheap.obj
 0001:000874b0       __expand_dbg               004884b0 f   LIBCMTD:dbgheap.obj
 0001:00087540       _free                      00488540 f   LIBCMTD:dbgheap.obj
 0001:00087560       __free_lk                  00488560 f   LIBCMTD:dbgheap.obj
 0001:00087580       __free_dbg                 00488580 f   LIBCMTD:dbgheap.obj
 0001:000875f0       __free_dbg_lk              004885f0 f   LIBCMTD:dbgheap.obj
 0001:000879e0       __msize                    004889e0 f   LIBCMTD:dbgheap.obj
 0001:00087a00       __msize_dbg                00488a00 f   LIBCMTD:dbgheap.obj
 0001:00087b90       __CrtSetBreakAlloc         00488b90 f   LIBCMTD:dbgheap.obj
 0001:00087bb0       __CrtSetDbgBlockType       00488bb0 f   LIBCMTD:dbgheap.obj
 0001:00087c90       __CrtSetAllocHook          00488c90 f   LIBCMTD:dbgheap.obj
 0001:00087d40       __CrtCheckMemory           00488d40 f   LIBCMTD:dbgheap.obj
 0001:000880f0       __CrtSetDbgFlag            004890f0 f   LIBCMTD:dbgheap.obj
 0001:00088120       __CrtDoForAllClientObjects 00489120 f   LIBCMTD:dbgheap.obj
 0001:000881d0       __CrtIsValidPointer        004891d0 f   LIBCMTD:dbgheap.obj
 0001:00088220       __CrtIsValidHeapPointer    00489220 f   LIBCMTD:dbgheap.obj
 0001:00088350       __CrtIsMemoryBlock         00489350 f   LIBCMTD:dbgheap.obj
 0001:00088480       __CrtSetDumpClient         00489480 f   LIBCMTD:dbgheap.obj
 0001:000884a0       __CrtMemCheckpoint         004894a0 f   LIBCMTD:dbgheap.obj
 0001:00088650       __CrtMemDifference         00489650 f   LIBCMTD:dbgheap.obj
 0001:00088780       __CrtMemDumpAllObjectsSince 00489780 f   LIBCMTD:dbgheap.obj
 0001:00088ba0       __CrtDumpMemoryLeaks       00489ba0 f   LIBCMTD:dbgheap.obj
 0001:00088c20       __CrtMemDumpStatistics     00489c20 f   LIBCMTD:dbgheap.obj
 0001:00088cf0       __CrtDbgBreak              00489cf0 f   LIBCMTD:dbgrpt.obj
 0001:00088d00       __CrtSetReportMode         00489d00 f   LIBCMTD:dbgrpt.obj
 0001:00088d60       __CrtSetReportFile         00489d60 f   LIBCMTD:dbgrpt.obj
 0001:00088de0       __CrtSetReportHook         00489de0 f   LIBCMTD:dbgrpt.obj
 0001:00088e00       __CrtDbgReport             00489e00 f   LIBCMTD:dbgrpt.obj
 0001:000894a0       ___InternalCxxFrameHandler 0048a4a0 f   LIBCMTD:frame.obj
 0001:00089a10       ___FrameUnwindToState      0048aa10 f   LIBCMTD:frame.obj
 0001:0008a020       ?_DestructExceptionObject@@YAXPAUEHExceptionRecord@@E@Z 0048b020 f   LIBCMTD:frame.obj
 0001:0008a100       __CallSettingFrame@12      0048b100 f   LIBCMTD:lowhelpr.obj
 0001:0008a127       __NLG_Return               0048b127 f   LIBCMTD:lowhelpr.obj
 0001:0008a150       __mtinit                   0048b150 f   LIBCMTD:tidtable.obj
 0001:0008a1e0       __mtterm                   0048b1e0 f   LIBCMTD:tidtable.obj
 0001:0008a210       __initptd                  0048b210 f   LIBCMTD:tidtable.obj
 0001:0008a230       __getptd                   0048b230 f   LIBCMTD:tidtable.obj
 0001:0008a2d0       __freeptd                  0048b2d0 f   LIBCMTD:tidtable.obj
 0001:0008a3e0       ___threadid                0048b3e0 f   LIBCMTD:tidtable.obj
 0001:0008a3f0       ___threadhandle            0048b3f0 f   LIBCMTD:tidtable.obj
 0001:0008a400       ?terminate@@YAXXZ          0048b400 f   LIBCMTD:hooks.obj
 0001:0008a490       ?unexpected@@YAXXZ         0048b490 f   LIBCMTD:hooks.obj
 0001:0008a4b0       ?_inconsistency@@YAXXZ     0048b4b0 f   LIBCMTD:hooks.obj
 0001:0008a53c       __except_handler3          0048b53c f   LIBCMTD:exsup3.obj
 0001:0008a5f9       __seh_longjmp_unwind@4     0048b5f9 f   LIBCMTD:exsup3.obj
 0001:0008a620       ___loctotime_t             0048b620 f   LIBCMTD:dtoxtime.obj
 0001:0008a710       ___initstdio               0048b710 f   LIBCMTD:_file.obj
 0001:0008a840       ___endstdio                0048b840 f   LIBCMTD:_file.obj
 0001:0008a860       __lock_file                0048b860 f   LIBCMTD:_file.obj
 0001:0008a8a0       __lock_file2               0048b8a0 f   LIBCMTD:_file.obj
 0001:0008a8d0       __unlock_file              0048b8d0 f   LIBCMTD:_file.obj
 0001:0008a910       __unlock_file2             0048b910 f   LIBCMTD:_file.obj
 0001:0008a940       __close                    0048b940 f   LIBCMTD:close.obj
 0001:0008a9c0       __close_lk                 0048b9c0 f   LIBCMTD:close.obj
 0001:0008aa70       __freebuf                  0048ba70 f   LIBCMTD:_freebuf.obj
 0001:0008ab10       _fflush                    0048bb10 f   LIBCMTD:fflush.obj
 0001:0008ab60       __fflush_lk                0048bb60 f   LIBCMTD:fflush.obj
 0001:0008abb0       __flush                    0048bbb0 f   LIBCMTD:fflush.obj
 0001:0008ac70       __flushall                 0048bc70 f   LIBCMTD:fflush.obj
 0001:0008adc0       __isctype                  0048bdc0 f   LIBCMTD:isctype.obj
 0001:0008ae80       __allmul                   0048be80 f   LIBCMTD:llmul.obj
 0001:0008aec0       __filbuf                   0048bec0 f   LIBCMTD:_filbuf.obj
 0001:0008b0b0       __read                     0048c0b0 f   LIBCMTD:read.obj
 0001:0008b140       __read_lk                  0048c140 f   LIBCMTD:read.obj
 0001:0008b590       __openfile                 0048c590 f   LIBCMTD:_open.obj
 0001:0008b920       __getstream                0048c920 f   LIBCMTD:stream.obj
 0001:0008baa0       __setdefaultprecision      0048caa0 f   LIBCMTD:fp8.obj
 0001:0008bac0       __ms_p5_test_fdiv          0048cac0 f   LIBCMTD:testfdiv.obj
 0001:0008bb20       __ms_p5_mp_test_fdiv       0048cb20 f   LIBCMTD:testfdiv.obj
 0001:0008bb70       __forcdecpt                0048cb70 f   LIBCMTD:cvt.obj
 0001:0008bc20       __cropzeros                0048cc20 f   LIBCMTD:cvt.obj
 0001:0008bd00       __positive                 0048cd00 f   LIBCMTD:cvt.obj
 0001:0008bd30       __fassign                  0048cd30 f   LIBCMTD:cvt.obj
 0001:0008bd80       __cftoe                    0048cd80 f   LIBCMTD:cvt.obj
 0001:0008bf70       __cftof                    0048cf70 f   LIBCMTD:cvt.obj
 0001:0008c120       __cftog                    0048d120 f   LIBCMTD:cvt.obj
 0001:0008c210       __cfltcvt                  0048d210 f   LIBCMTD:cvt.obj
 0001:0008c2a0       __flsbuf                   0048d2a0 f   LIBCMTD:_flsbuf.obj
 0001:0008c520       __write                    0048d520 f   LIBCMTD:write.obj
 0001:0008c5b0       __write_lk                 0048d5b0 f   LIBCMTD:write.obj
 0001:0008c830       __dosmaperr                0048d830 f   LIBCMTD:dosmap.obj
 0001:0008c8d0       __errno                    0048d8d0 f   LIBCMTD:dosmap.obj
 0001:0008c8e0       ___doserrno                0048d8e0 f   LIBCMTD:dosmap.obj
 0001:0008c8f0       __output                   0048d8f0 f   LIBCMTD:output.obj
 0001:0008d790       __cinit                    0048e790 f   LIBCMTD:crt0dat.obj
 0001:0008d7d0       _exit                      0048e7d0 f   LIBCMTD:crt0dat.obj
 0001:0008d7f0       __exit                     0048e7f0 f   LIBCMTD:crt0dat.obj
 0001:0008d810       __cexit                    0048e810 f   LIBCMTD:crt0dat.obj
 0001:0008d830       __c_exit                   0048e830 f   LIBCMTD:crt0dat.obj
 0001:0008d940       __lockexit                 0048e940 f   LIBCMTD:crt0dat.obj
 0001:0008d950       __unlockexit               0048e950 f   LIBCMTD:crt0dat.obj
 0001:0008d990       __XcptFilter               0048e990 f   LIBCMTD:winxfltr.obj
 0001:0008dbb0       __wincmdln                 0048ebb0 f   LIBCMTD:wincmdln.obj
 0001:0008dc70       __setenvp                  0048ec70 f   LIBCMTD:stdenvp.obj
 0001:0008ddc0       __setargv                  0048edc0 f   LIBCMTD:stdargv.obj
 0001:0008e2d0       ___crtGetEnvironmentStringsA 0048f2d0 f   LIBCMTD:a_env.obj
 0001:0008e4f0       __ioinit                   0048f4f0 f   LIBCMTD:ioinit.obj
 0001:0008e820       __ioterm                   0048f820 f   LIBCMTD:ioinit.obj
 0001:0008e8c0       __GetLinkerVersion         0048f8c0 f   LIBCMTD:heapinit.obj
 0001:0008e920       ___heap_select             0048f920 f   LIBCMTD:heapinit.obj
 0001:0008eb50       __heap_init                0048fb50 f   LIBCMTD:heapinit.obj
 0001:0008ebe0       __heap_term                0048fbe0 f   LIBCMTD:heapinit.obj
 0001:0008ecd0       __FF_MSGBANNER             0048fcd0 f   LIBCMTD:crt0msg.obj
 0001:0008ed20       __NMSG_WRITE               0048fd20 f   LIBCMTD:crt0msg.obj
 0001:0008eee0       __GET_RTERRMSG             0048fee0 f   LIBCMTD:crt0msg.obj
 0001:0008ef30       ?_set_new_handler@@YAP6AHI@ZP6AHI@Z@Z 0048ff30 f   LIBCMTD:handler.obj
 0001:0008ef60       ?_query_new_handler@@YAP6AHI@ZXZ 0048ff60 f   LIBCMTD:handler.obj
 0001:0008ef70       __callnewh                 0048ff70 f   LIBCMTD:handler.obj
 0001:0008efa0       __malloc_base              0048ffa0 f   LIBCMTD:malloc.obj
 0001:0008efc0       __nh_malloc_base           0048ffc0 f   LIBCMTD:malloc.obj
 0001:0008f020       __heap_alloc_base          00490020 f   LIBCMTD:malloc.obj
 0001:0008f170       __CrtDefaultAllocHook      00490170 f   LIBCMTD:dbghook.obj
 0001:0008f180       __expand_base              00490180 f   LIBCMTD:expand.obj
 0001:0008f390       __realloc_base             00490390 f   LIBCMTD:realloc.obj
 0001:0008f830       __free_base                00490830 f   LIBCMTD:free.obj
 0001:0008f980       __heapchk                  00490980 f   LIBCMTD:heapchk.obj
 0001:0008fa90       __heapset                  00490a90 f   LIBCMTD:heapchk.obj
 0001:0008faa0       __get_sbh_threshold        00490aa0 f   LIBCMTD:sbheap.obj
 0001:0008fad0       __set_sbh_threshold        00490ad0 f   LIBCMTD:sbheap.obj
 0001:0008fbe0       ___sbh_heap_init           00490be0 f   LIBCMTD:sbheap.obj
 0001:0008fc50       ___sbh_find_block          00490c50 f   LIBCMTD:sbheap.obj
 0001:0008fcb0       ___sbh_verify_block        00490cb0 f   LIBCMTD:sbheap.obj
 0001:0008fd10       ___sbh_free_block          00490d10 f   LIBCMTD:sbheap.obj
 0001:000902f0       ___sbh_alloc_block         004912f0 f   LIBCMTD:sbheap.obj
 0001:00090830       ___sbh_alloc_new_region    00491830 f   LIBCMTD:sbheap.obj
 0001:00090940       ___sbh_alloc_new_group     00491940 f   LIBCMTD:sbheap.obj
 0001:00090b30       ___sbh_resize_block        00491b30 f   LIBCMTD:sbheap.obj
 0001:00091120       ___sbh_heapmin             00492120 f   LIBCMTD:sbheap.obj
 0001:00091250       ___sbh_heap_check          00492250 f   LIBCMTD:sbheap.obj
 0001:00091870       __get_old_sbh_threshold    00492870 f   LIBCMTD:sbheap.obj
 0001:00091880       __set_old_sbh_threshold    00492880 f   LIBCMTD:sbheap.obj
 0001:000918b0       ___old_sbh_new_region      004928b0 f   LIBCMTD:sbheap.obj
 0001:00091a90       ___old_sbh_release_region  00492a90 f   LIBCMTD:sbheap.obj
 0001:00091b10       ___old_sbh_decommit_pages  00492b10 f   LIBCMTD:sbheap.obj
 0001:00091c70       ___old_sbh_find_block      00492c70 f   LIBCMTD:sbheap.obj
 0001:00091d00       ___old_sbh_free_block      00492d00 f   LIBCMTD:sbheap.obj
 0001:00091d70       ___old_sbh_alloc_block     00492d70 f   LIBCMTD:sbheap.obj
 0001:00092130       ___old_sbh_alloc_block_from_page 00493130 f   LIBCMTD:sbheap.obj
 0001:000923e0       ___old_sbh_resize_block    004933e0 f   LIBCMTD:sbheap.obj
 0001:00092550       ___old_sbh_heap_check      00493550 f   LIBCMTD:sbheap.obj
 0001:00092790       __itoa                     00493790 f   LIBCMTD:xtoa.obj
 0001:00092790       _itoa                      00493790 f   LIBCMTD:xtoa.obj
 0001:000928b0       __ltoa                     004938b0 f   LIBCMTD:xtoa.obj
 0001:000928f0       __ultoa                    004938f0 f   LIBCMTD:xtoa.obj
 0001:00092910       __i64toa                   00493910 f   LIBCMTD:xtoa.obj
 0001:00092a60       __ui64toa                  00493a60 f   LIBCMTD:xtoa.obj
 0001:00092a80       __snprintf                 00493a80 f   LIBCMTD:snprintf.obj
 0001:00092b80       __vsnprintf                00493b80 f   LIBCMTD:vsnprint.obj
 0001:00092c80       _signal                    00493c80 f   LIBCMTD:winsig.obj
 0001:00092f50       _raise                     00493f50 f   LIBCMTD:winsig.obj
 0001:000931f0       ___fpecode                 004941f0 f   LIBCMTD:winsig.obj
 0001:00093200       ___pxcptinfoptrs           00494200 f   LIBCMTD:winsig.obj
 0001:00093210       ___crtMessageBoxA          00494210 f   LIBCMTD:crtmbox.obj
 0001:000932d0       _strncpy                   004942d0 f   LIBCMTD:strncpy.obj
 0001:000933d0       ?__CxxUnhandledExceptionFilter@@YGJPAU_EXCEPTION_POINTERS@@@Z 004943d0 f   LIBCMTD:unhandld.obj
 0001:00093430       ?__CxxSetUnhandledExceptionFilter@@YAXXZ 00494430 f   LIBCMTD:unhandld.obj
 0001:00093450       ?__CxxRestoreUnhandledExceptionFilter@@YAXXZ 00494450 f   LIBCMTD:unhandld.obj
 0001:00093470       ?_ValidateRead@@YAHPBXI@Z  00494470 f   LIBCMTD:validate.obj
 0001:000934a0       ?_ValidateWrite@@YAHPAXI@Z 004944a0 f   LIBCMTD:validate.obj
 0001:000934d0       ?_ValidateExecute@@YAHP6GHXZ@Z 004944d0 f   LIBCMTD:validate.obj
 0001:00093500       _memmove                   00494500 f   LIBCMTD:memmove.obj
 0001:00093840       _abort                     00494840 f   LIBCMTD:abort.obj
 0001:00093860       ___tzset                   00494860 f   LIBCMTD:tzset.obj
 0001:000938a0       __tzset                    004948a0 f   LIBCMTD:tzset.obj
 0001:00093c70       __isindst                  00494c70 f   LIBCMTD:tzset.obj
 0001:000941a0       __fcloseall                004951a0 f   LIBCMTD:closeall.obj
 0001:00094280       __alloc_osfhnd             00495280 f   LIBCMTD:osfinfo.obj
 0001:00094470       __set_osfhnd               00495470 f   LIBCMTD:osfinfo.obj
 0001:00094530       __free_osfhnd              00495530 f   LIBCMTD:osfinfo.obj
 0001:00094610       __get_osfhandle            00495610 f   LIBCMTD:osfinfo.obj
 0001:00094680       __open_osfhandle           00495680 f   LIBCMTD:osfinfo.obj
 0001:00094790       __lock_fhandle             00495790 f   LIBCMTD:osfinfo.obj
 0001:00094820       __unlock_fhandle           00495820 f   LIBCMTD:osfinfo.obj
 0001:00094850       __commit                   00495850 f   LIBCMTD:commit.obj
 0001:00094930       ___crtGetStringTypeA       00495930 f   LIBCMTD:a_str.obj
 0001:00094af0       __getbuf                   00495af0 f   LIBCMTD:_getbuf.obj
 0001:00094bc0       __lseek                    00495bc0 f   LIBCMTD:lseek.obj
 0001:00094c50       __lseek_lk                 00495c50 f   LIBCMTD:lseek.obj
 0001:00094d10       __open                     00495d10 f   LIBCMTD:open.obj
 0001:00094d50       __sopen                    00495d50 f   LIBCMTD:open.obj
 0001:000952b0       __statusfp                 004962b0 f   LIBCMTD:ieee87.obj
 0001:000952d0       __clearfp                  004962d0 f   LIBCMTD:ieee87.obj
 0001:000952f0       __control87                004962f0 f   LIBCMTD:ieee87.obj
 0001:00095340       __controlfp                00496340 f   LIBCMTD:ieee87.obj
 0001:00095360       __fpreset                  00496360 f   LIBCMTD:ieee87.obj
 0001:00095750       __tolower                  00496750 f   LIBCMTD:tolower.obj
 0001:00095760       _tolower                   00496760 f   LIBCMTD:tolower.obj
 0001:00095800       __tolower_lk               00496800 f   LIBCMTD:tolower.obj
 0001:00095930       __ZeroTail                 00496930 f   LIBCMTD:intrncvt.obj
 0001:000959c0       __IncMan                   004969c0 f   LIBCMTD:intrncvt.obj
 0001:00095a70       __RoundMan                 00496a70 f   LIBCMTD:intrncvt.obj
 0001:00095b50       __CopyMan                  00496b50 f   LIBCMTD:intrncvt.obj
 0001:00095ba0       __FillZeroMan              00496ba0 f   LIBCMTD:intrncvt.obj
 0001:00095bd0       __IsZeroMan                00496bd0 f   LIBCMTD:intrncvt.obj
 0001:00095c10       __ShrMan                   00496c10 f   LIBCMTD:intrncvt.obj
 0001:00095d00       __ld12cvt                  00496d00 f   LIBCMTD:intrncvt.obj
 0001:00095f50       __ld12tod                  00496f50 f   LIBCMTD:intrncvt.obj
 0001:00095f70       __ld12tof                  00496f70 f   LIBCMTD:intrncvt.obj
 0001:00095f90       __ld12told                 00496f90 f   LIBCMTD:intrncvt.obj
 0001:00096050       __atodbl                   00497050 f   LIBCMTD:intrncvt.obj
 0001:00096090       __atoldbl                  00497090 f   LIBCMTD:intrncvt.obj
 0001:000960d0       __atoflt                   004970d0 f   LIBCMTD:intrncvt.obj
 0001:00096110       __fptostr                  00497110 f   LIBCMTD:_fptostr.obj
 0001:00096210       __fltout2                  00497210 f   LIBCMTD:cfout.obj
 0001:00096290       ___dtold                   00497290 f   LIBCMTD:cfout.obj
 0001:00096400       __fptrap                   00497400 f   LIBCMTD:crt0fp.obj
 0001:00096410       __isatty                   00497410 f   LIBCMTD:isatty.obj
 0001:00096450       _wctomb                    00497450 f   LIBCMTD:wctomb.obj
 0001:000964d0       __wctomb_lk                004974d0 f   LIBCMTD:wctomb.obj
 0001:00096570       __aulldiv                  00497570 f   LIBCMTD:ulldiv.obj
 0001:000965e0       __aullrem                  004975e0 f   LIBCMTD:ullrem.obj
 0001:00096660       __ismbbkalnum              00497660 f   LIBCMTD:ismbbyte.obj
 0001:00096680       __ismbbkprint              00497680 f   LIBCMTD:ismbbyte.obj
 0001:000966a0       __ismbbkpunct              004976a0 f   LIBCMTD:ismbbyte.obj
 0001:000966c0       __ismbbalnum               004976c0 f   LIBCMTD:ismbbyte.obj
 0001:000966e0       __ismbbalpha               004976e0 f   LIBCMTD:ismbbyte.obj
 0001:00096700       __ismbbgraph               00497700 f   LIBCMTD:ismbbyte.obj
 0001:00096720       __ismbbprint               00497720 f   LIBCMTD:ismbbyte.obj
 0001:00096740       __ismbbpunct               00497740 f   LIBCMTD:ismbbyte.obj
 0001:00096760       __ismbblead                00497760 f   LIBCMTD:ismbbyte.obj
 0001:00096780       __ismbbtrail               00497780 f   LIBCMTD:ismbbyte.obj
 0001:000967a0       __ismbbkana                004977a0 f   LIBCMTD:ismbbyte.obj
 0001:00096850       __setmbcp                  00497850 f   LIBCMTD:mbctype.obj
 0001:00097010       __getmbcp                  00498010 f   LIBCMTD:mbctype.obj
 0001:00097030       ___initmbctable            00498030 f   LIBCMTD:mbctype.obj
 0001:00097060       _strtol                    00498060 f   LIBCMTD:strtol.obj
 0001:000973c0       _strtoul                   004983c0 f   LIBCMTD:strtol.obj
 0001:000973f0       _strchr                    004983f0 f   LIBCMTD:strchr.obj
 0001:000973f6       ___from_strstr_to_strchr   004983f6 f   LIBCMTD:strchr.obj
 0001:000974b0       _strstr                    004984b0 f   LIBCMTD:strstr.obj
 0001:00097530       _strncmp                   00498530 f   LIBCMTD:strncmp.obj
 0001:00097570       _getenv                    00498570 f   LIBCMTD:getenv.obj
 0001:000975a0       __getenv_lk                004985a0 f   LIBCMTD:getenv.obj
 0001:00097670       __chsize                   00498670 f   LIBCMTD:chsize.obj
 0001:000976f0       __chsize_lk                004986f0 f   LIBCMTD:chsize.obj
 0001:00097920       _setlocale                 00498920 f   LIBCMTD:setlocal.obj
 0001:00097fb0       __expandlocale             00498fb0 f   LIBCMTD:setlocal.obj
 0001:00098140       ___init_dummy              00499140 f   LIBCMTD:setlocal.obj
 0001:00098150       __strcats                  00499150 f   LIBCMTD:setlocal.obj
 0001:000981a0       ___lc_strtolc              004991a0 f   LIBCMTD:setlocal.obj
 0001:00098300       ___lc_lctostr              00499300 f   LIBCMTD:setlocal.obj
 0001:00098370       ___crtLCMapStringA         00499370 f   LIBCMTD:a_map.obj
 0001:000986d0       ___addl                    004996d0 f   LIBCMTD:mantold.obj
 0001:00098710       ___add_12                  00499710 f   LIBCMTD:mantold.obj
 0001:000987c0       ___shl_12                  004997c0 f   LIBCMTD:mantold.obj
 0001:00098820       ___shr_12                  00499820 f   LIBCMTD:mantold.obj
 0001:00098890       ___mtold12                 00499890 f   LIBCMTD:mantold.obj
 0001:000989d0       ___strgtold12              004999d0 f   LIBCMTD:strgtold.obj
 0001:00099500       ___STRINGTOLD              0049a500 f   LIBCMTD:strgtold.obj
 0001:00099550       _$I10_OUTPUT               0049a550 f   LIBCMTD:x10fout.obj
 0001:00099a70       __toupper                  0049aa70 f   LIBCMTD:toupper.obj
 0001:00099a80       _toupper                   0049aa80 f   LIBCMTD:toupper.obj
 0001:00099b20       __toupper_lk               0049ab20 f   LIBCMTD:toupper.obj
 0001:00099c50       __mbsnbicoll               0049ac50 f   LIBCMTD:mbsnbico.obj
 0001:00099ca0       ___wtomb_environ           0049aca0 f   LIBCMTD:wtombenv.obj
 0001:00099d50       __setmode                  0049ad50 f   LIBCMTD:setmode.obj
 0001:00099dd0       __setmode_lk               0049add0 f   LIBCMTD:setmode.obj
 0001:00099ea0       ___init_time               0049aea0 f   LIBCMTD:inittime.obj
 0001:0009a820       ___init_numeric            0049b820 f   LIBCMTD:initnum.obj
 0001:0009ab50       ___init_monetary           0049bb50 f   LIBCMTD:initmon.obj
 0001:0009afb0       ___init_ctype              0049bfb0 f   LIBCMTD:initctyp.obj
 0001:0009b350       ___init_collate            0049c350 f   LIBCMTD:initcoll.obj
 0001:0009b360       _strcspn                   0049c360 f   LIBCMTD:strcspn.obj
 0001:0009b3a0       _strpbrk                   0049c3a0 f   LIBCMTD:strpbrk.obj
 0001:0009b3e0       ___get_qualified_locale    0049c3e0 f   LIBCMTD:getqloc.obj
 0001:0009c180       ___ld12mul                 0049d180 f   LIBCMTD:tenpow.obj
 0001:0009c5c0       ___multtenpow12            0049d5c0 f   LIBCMTD:tenpow.obj
 0001:0009c690       ___crtCompareStringA       0049d690 f   LIBCMTD:a_cmp.obj
 0001:0009cae0       ___crtsetenv               0049dae0 f   LIBCMTD:setenv.obj
 0001:0009cf30       __Getdays                  0049df30 f   LIBCMTD:strftime.obj
 0001:0009d060       __Getmonths                0049e060 f   LIBCMTD:strftime.obj
 0001:0009d190       __Gettnames                0049e190 f   LIBCMTD:strftime.obj
 0001:0009d500       _strftime                  0049e500 f   LIBCMTD:strftime.obj
 0001:0009d520       __Strftime                 0049e520 f   LIBCMTD:strftime.obj
 0001:0009e3a0       ___getlocaleinfo           0049f3a0 f   LIBCMTD:inithelp.obj
 0001:0009e630       _localeconv                0049f630 f   LIBCMTD:lconv.obj
 0001:0009e640       ___crtGetStringTypeW       0049f640 f   LIBCMTD:w_str.obj
 0001:0009e8b0       __strcmpi                  0049f8b0 f   LIBCMTD:stricmp.obj
 0001:0009e8b0       __stricmp                  0049f8b0 f   LIBCMTD:stricmp.obj
 0001:0009e980       __strnicmp                 0049f980 f   LIBCMTD:strnicmp.obj
 0001:0009ea90       __mbschr                   0049fa90 f   LIBCMTD:mbschr.obj
 0001:0009eb80       ___crtGetLocaleInfoW       0049fb80 f   LIBCMTD:w_loc.obj
 0001:0009ed20       ___crtGetLocaleInfoA       0049fd20 f   LIBCMTD:a_loc.obj
 0001:0009eed0       _RtlUnwind@16              0049fed0 f   kernel32:KERNEL32.dll
 0001:0009eed6       _GetTimeZoneInformation@4  0049fed6 f   kernel32:KERNEL32.dll
 0001:0009eedc       _GetSystemTime@4           0049fedc f   kernel32:KERNEL32.dll
 0001:0009eee2       _GetLastError@0            0049fee2 f   kernel32:KERNEL32.dll
 0001:0009eee8       _CreateDirectoryA@8        0049fee8 f   kernel32:KERNEL32.dll
 0001:0009eeee       _GetModuleHandleA@4        0049feee f   kernel32:KERNEL32.dll
 0001:0009eef4       _GetStartupInfoA@4         0049fef4 f   kernel32:KERNEL32.dll
 0001:0009eefa       _GetCommandLineA@0         0049fefa f   kernel32:KERNEL32.dll
 0001:0009ef00       _GetVersion@0              0049ff00 f   kernel32:KERNEL32.dll
 0001:0009ef06       _ExitProcess@4             0049ff06 f   kernel32:KERNEL32.dll
 0001:0009ef0c       _InitializeCriticalSection@4 0049ff0c f   kernel32:KERNEL32.dll
 0001:0009ef12       _DeleteCriticalSection@4   0049ff12 f   kernel32:KERNEL32.dll
 0001:0009ef18       _EnterCriticalSection@4    0049ff18 f   kernel32:KERNEL32.dll
 0001:0009ef1e       _LeaveCriticalSection@4    0049ff1e f   kernel32:KERNEL32.dll
 0001:0009ef24       _FatalAppExitA@8           0049ff24 f   kernel32:KERNEL32.dll
 0001:0009ef2a       _IsBadWritePtr@8           0049ff2a f   kernel32:KERNEL32.dll
 0001:0009ef30       _IsBadReadPtr@8            0049ff30 f   kernel32:KERNEL32.dll
 0001:0009ef36       _HeapValidate@12           0049ff36 f   kernel32:KERNEL32.dll
 0001:0009ef3c       _DebugBreak@0              0049ff3c f   kernel32:KERNEL32.dll
 0001:0009ef42       _GetStdHandle@4            0049ff42 f   kernel32:KERNEL32.dll
 0001:0009ef48       _InterlockedDecrement@4    0049ff48 f   kernel32:KERNEL32.dll
 0001:0009ef4e       _OutputDebugStringA@4      0049ff4e f   kernel32:KERNEL32.dll
 0001:0009ef54       _GetProcAddress@8          0049ff54 f   kernel32:KERNEL32.dll
[...]
FIXUPS: 5f9a4 22 22 22 22 22 22 22 22 22 22 22 22 22 22 22 22 22 22 fffff702
FIXUPS: 5f344 17 d 2f 3c e 12 14 12 14 12 37 24 94 14 19 41 410ec e c fffbf03e
FIXUPS: 5f6f8 17 d 2f 3c e 1c 13 e 12 ffffed74 5e 31 30 60 1a 1a 1e 54
FIXUPS: 5e74b 1f 77 41e67 c fffbe276 45 36 91 2a 41c65 c fffbe501 4c 102
FIXUPS: 5eccc ff 24 1eb 159 f 91 93 ffffee0c 42596 c fffbdb06 12 16 17
FIXUPS: 5e166 2f 3c e 16 17 e 11 5e 35 2b 7a 422c5 c fffbde13 12 16 17
FIXUPS: 5e493 2f 3c e 16 17 e fffff402 16 23 d3 2b 19 77 42ad8 c fffbd5d5
FIXUPS: 5dbeb 1b 11 10 3e 48 37 25 2d a4 18 17 d 2f 3c e 45 38 59 51 48
FIXUPS: 5e032 fffff293 1b 44 30 155 2d c 2b 1b 30 4c 43021 c fffbd159 12
FIXUPS: 5d74f 10 13 16 17 d 2f 3c e 16 17 e 11 5e 28 18 22 fffff292 11
FIXUPS: 5cc32 124 2e 77 4378d c fffbc957 16 14 f 1e 16 d 23 27 64 1b 36
FIXUPS: 5d080 32 13 41 12 4348d b c fffbcbea 3c 4b 68 fffff3c7 16 17 d
FIXUPS: 5c6c5 3c e 16 17 e 11 e 1e 77 57 36 46 7a 43c1d c fffbc500 1f 30
FIXUPS: 5cad5 16 17 d 2f 3c e 16 17 ffffe7d7 5cd 59 89 84 76 16d d6 30
FIXUPS: 5bdce 1b 15 1d 15 1d 15 13 20 1b 10 a1 25 16 173 149 9e 42 42 95
FIXUPS: 5c438 171 a1 ffffc0d0 71 16 17 d 2f 3c e 16 17 e 11 5e 1e 5e 77
FIXUPS: a0548 c fffb8b63 27c ae 207 1df 278 3c 895 3e 202 52 75b 372 34
FIXUPS: 5803e 5c 17 e 11 5e 43 62 6e 1d 482aa c fffb7e07 16 17 d 2f 3c
FIXUPS: 583ce 48 e 17 e 11 5e a1 77 47f58 c fffb813b 1d 6e ffffeb9d 48
FIXUPS: 57323 59 c 4f 4e 490c3 c fffb7112 10f 52 7d 10f 52 45 126 55 ae
FIXUPS: 57bcd 7f 4e 82 1e 12 1b0 8f 16 17 d 2f 3c ffffdc53 3b 18 25 44
FIXUPS: 55d81 e2 11a 45 a2 aa 236 1f3 8d 45 1a0 11c 293 235 75 69 16 99
FIXUPS: 56f83 16 12 24 3b 25 20 62 1d4 ffffe006 36 184 125 30 27 41 12
FIXUPS: 55670 38 1b 30 16 1f 1b 39 26 3b 4ace8 c fffb53c5 34 8d 48 31 69
FIXUPS: 55a8b 52 52 55 55 55 ffffed06 23 22 43 2b 2a 27 af 11 66 22 45
FIXUPS: 54bf0 32 43 5b 34 36 b3 fa 5f 5b 3b 51 23 27 ac e 66 32 43 5b ffffe77d
FIXUPS: 53a05 8a 31 78 31 275 8c b4 8c b4 8c a4 38 1b4 72 12 5b 3b 51 23
FIXUPS: 5451b a4 3a 12 ac e 66 bf 5f 5e 3b ffffdf81 33 29 f0 f0 164 406
FIXUPS: 53121 64 1d 64 1d d 18 d 16 e a e a 19c 1b 4d053 c fffb3176 1f
FIXUPS: 53665 172 3b bf 60 31 ffffdab2 16 62 59 59 56 9a 28 4a 77 35 5a
FIXUPS: 51870 180 2f 2c 1f 5f 45 51 23 15b 89 8a 118 3f 238 180 150 114
FIXUPS: 525af ff ffffd9a0 b6 12d 95 1bd a5 16 62 59 59 56 9a 28 4a 77 35
FIXUPS: 50898 ec 39 1f 5f 45 51 23 15b 89 8a 118 3f 264 95 1bd ffffe1c4
FIXUPS: 4f54d 92 4b 1a 19 4a 415 13 43 2b 2b 43 18 2f a3 32 1d 32 1d 32
FIXUPS: 4fd82 32 1d 32 1d 32 1d 32 1a 32 2d ffffe640 4d 161 13 2e 7a 1c
FIXUPS: 4e8cc 45 40 45 3f 18 274 27 11 fd 1af 171 9a 73 86 de 18 50 2b
FIXUPS: 4f3ca 54 1a 35 56 56 ffffe55d 14 13 14 13 14 13 11 13 11 13 23
FIXUPS: 4db76 10 44 24 3a 73 16 24 2e 52 62 12 526bf c fffadb5e 15e 125
FIXUPS: 4e2f8 156 85 fffff27c 14 13 11 13 11 13 23 11 2f 11 3e 13 14 13
FIXUPS: 4d8be 13 14 13 23 11 3e 15 17 13 11 13 14 13 23 11 3b fffff9ef
FIXUPS: 4d463 13 23 11 3b 13 14 13 14 13 11 13 11 13 23 11 3b 13 14 13
FIXUPS: 4d648 13 11 13 23 11 3b 13 14 13 14 fffffa05 14 13 11 13 11 13
FIXUPS: 4d1d3 11 2f 11 26 13 23 11 26 13 23 11 26 13 23 11 3b 13 14 13
FIXUPS: 4d3f4 13 14 13 11 fffff961 21 24 3b 57 13 14 2f 13 11 13 23 11
FIXUPS: 4cf73 13 14 13 11 13 11 13 23 11 3b 13 11 13 11 13 23 11 3b ffffef03
FIXUPS: 4c055 25 15 21 22 15 21 21 3d 19 53 11 82 2a 1a 7c 2a 1a 3ad 116
FIXUPS: 4c87d 62 23 1db 4d d 1d c 2a df 7f ffffedea 4b 1a 36 11 2c 2a 1a
FIXUPS: 4bc02 6d 76 1a 62 24 24 24 24 24 24 24 24 24 24 24 24 24 24 24
FIXUPS: 4bfa1 24 24 24 fffff6b3 24 24 21 21 21 21 11 2c 2a 1f 3e 17 17
FIXUPS: 4b895 17 17 17 17 17 17 17 17 14 14 14 14 14 14 64 1a 6b fffff565
FIXUPS: 4b05a 47 4d 60 59 44 5e d3 2b 44 14 26 24 24 13 41 43 24 24 24
FIXUPS: 4b534 24 24 24 24 24 24 24 24 24 24 ffffef1f d8 47 59 67 68 47
FIXUPS: 4a88d 4e 3e 47 47 4d 60 6a 5e 71 6a 4d 41 39 47 56 4e 47 56 50
FIXUPS: 4aecc 47 4d 3f 36 ffffdd5a 2c 2a 6c 1e0 48 2b 57404 c fffa8cd0
FIXUPS: 49174 a6 2c 2a 4e 15 43 54 2e 570cd c fffa9131 7b 4c 31 6a5 42
FIXUPS: 4a3e5 42 131 1a 33 ffffdc50 1b 14a 4a 19 28 4d b aa 28 4d b 94
FIXUPS: 48607 2d c 12f 97 50 17 142 37 60 11a 34 6f e 2d 24 41 2e 11 ffffe5e6
FIXUPS: 47432 60 c 2d 48 1c 49 47 196 58 188 ff 27 a0 1c 155 c8 ad d 1b
FIXUPS: 47f53 4a 19 28 4d b aa 28 4d b 87 ffffe571 153 c 10a d 31 80 4e
FIXUPS: 46b36 61 65 53 32 1d 32 56 29 39 1e b8 49 3f 22 15 49 47 ed 4b
FIXUPS: 471e7 60 c 2d ffffdfe1 25 25 1e 25 25 1e 25 1e 1e 1e 25 25 1e 1e
FIXUPS: 4545b 25 25 25 22 62 23 84 15 5adfe e e c fffa5b22 2f 50c 3a ffffe7b1
FIXUPS: 44c90 58 38 e 18 58 38 e 18 58 38 e 18 58 38 e 18 58 38 e 18 58
FIXUPS: 450c9 2a 4f e 24 60 25 25 25 fffff485 18 67 e 18 58 38 e 18 58
FIXUPS: 448b3 e 18 58 29 38 e 18 58 38 e 18 58 38 e 18 58 38 e 18 58 38
FIXUPS: 44017 75 e 18 58 72 18 90 e 18 58 38 e 18 58 38 e 18 58 38 e 18
FIXUPS: 444c4 38 e 18 58 75 e 18 58 2c fffff332 18 58 38 e 18 58 38 e 18
FIXUPS: 43ba7 38 e 18 58 75 e 18 58 35 18 90 e 18 58 38 e 18 58 38 e 18
FIXUPS: 43366 69 e 18 58 30 18 90 e 18 58 35 e 18 58 3c e 18 58 2e e 18
FIXUPS: 437bc 64 e 18 58 30 18 56 24 5d fffff39f 18 58 30 18 90 e 18 58
FIXUPS: 42f57 e 18 58 3c e 18 58 2e e 18 58 2e e 18 58 55 e 18 58 2e e
FIXUPS: 4330e fffff42d e 18 58 36 e 18 58 73 e 18 58 33 18 67 e 18 58 38
FIXUPS: 42ad4 18 58 38 e 18 58 38 e 18 58 3c 62 fffff394 e 18 58 38 e 18
FIXUPS: 42216 38 e 18 58 60 e 18 58 4b e 18 58 38 e 18 58 6e 1f 56 e 18
FIXUPS: 4268a 32 18 fffff355 58 38 e 18 58 38 e 18 58 7d e 18 58 33 18
FIXUPS: 41dbb e 18 58 87 e 18 58 38 e 18 58 38 e 18 58 fffff351 e 18 58
FIXUPS: 414bb 24 84 1d 55 e 18 58 2e e 18 58 35 e 18 58 6b e 18 58 33 18
FIXUPS: 4194d e 18 58 38 e fffff3ea e 18 58 36 e 18 58 36 e 18 58 7f e
FIXUPS: 41086 58 30 18 67 e 18 58 35 e 18 58 70 13 1b e 18 58 fffff0ea
FIXUPS: 40526 38 47 10 47 96 2e4 31 14 20 14 66 27 14 3a 32 1c 15 d 2f
FIXUPS: 40ba5 94 e 18 58 36 e 18 58 4e 27 ffffef42 e 18 58 2f e 18 58 37
FIXUPS: 3fea4 62 23 2f 60480 e c fff9fbf0 10 12 1d 46 7a c 73 2c 4e 74
FIXUPS: 402ba 4d 6e 10 47 fffff415 18 58 1a 18 56 24 2e 1c 32 c 21 1b e
FIXUPS: 3f9e7 58 2f e 18 58 2f e 18 58 2f e 18 58 2f e 18 58 fffff520 2f
FIXUPS: 3f250 18 58 2f e 18 58 2e e 18 58 2e e 18 58 36 20 62 23 2f 60dd9
FIXUPS: a03b6 c fff9f2e9 24 14 d 2f 3c 78 fffff4d8 2f e 18 58 2f e 18 58
FIXUPS: 3ee34 e 18 58 2f e 18 58 2f e 18 58 2f e 18 58 2f e 18 58 2f e
FIXUPS: 3f1bb fffff5d0 1c 32 c 21 1b e 18 58 2f e 18 58 2e e 18 58 2e e
FIXUPS: 3ea4c 58 2f e 18 58 2f e 18 58 2f e 18 ffffee10 22 1a 33 1ef 33
FIXUPS: 3dfb6 38 29 c c 3c 10e 40 ac 42 51 4a 1c9 24 14 d 2f 3c 78 e 18
FIXUPS: 3e6b1 1a 18 56 24 ffffea7c 1d 4f 41 27 29 44 1c 16 48 3c 1d 12
FIXUPS: 3d40f f 4b 1c 16 78 2a 4f a 22 71 37 171 33 11a 9a 25 48 1b fffff1cc
FIXUPS: 3cc3d 3a 1d 2a 43 1c 63 66 29 58 1c 16 6d 1d 15 1c 1e 2e 1d 4f
FIXUPS: 3d04d 27 1c 44 1c 16 3a 1d 15 1c 1d ffffee87 32 5d 5e c0 26 68
FIXUPS: 3c29f 5d 68 cf 26 68 32 5d 68 41 26 55 c0 26 55 41 51 c0 51 dc
FIXUPS: 3cb5b c 1a 28 44 ffffeb42 5e 34 26 5e 34 5d 5e f 17 cf 26 5e 32
FIXUPS: 3bb3c 5e 3c 26 5e 32 5d 5e 37 26 5e 32 5d 5e 37 51 37 26 ffffedb2
FIXUPS: 3adf7 13 59 13 41 26 154 44 80 32 26 5e 32 5d 5e 34 26 5e 34 5d
FIXUPS: 3b43f 34 26 5e 34 5d 5e 34 26 5e 34 ffffea9c 47 df 29 6b 7b 4a
FIXUPS: 3a432 2a 5c 4c 45 38 63 6b 41 4a 45 2a 79 29 5f 65b3e c fff9a70f
FIXUPS: 3ab68 7a 11 6e 11 4f 44 ffffe71c 37 43 2d 20 5c 208 20 4e 38 4f
FIXUPS: 3988f 124 4c 9a 3b e9 4c 9a 3d 41 6f 24 29 1c 92 41 18 a5 75 89
FIXUPS: 3a119 ffffe60b fc 47 37 29 93 fd 47 6a 6f 44 11 8d 11 55 47 1f
FIXUPS: 38dc7 80 16 5c 16 c1 fa 18 a9 34 70 34 121 1e 58 ffffee97 19 19
FIXUPS: 38299 16 16 16 16 19 19 19 16 16 16 16 16 69 28 15 40 25 20 2c
FIXUPS: 38511 24 41 32 47 2e 17 4e 37 fffff0a0 29 71 38 63 71 e9 29 71
FIXUPS: 37aba 63 71 41 29 58 da 29 58 41 54 da 54 41 4f 5d 30 4a 24 4d
FIXUPS: 38191 8e 19 ffffea66 29 67 38 63 67 3c 29 67 32 63 67 37 54 37
FIXUPS: 370e3 67 32 63 67 da 29 67 38 63 67 41 29 67 32 63 67 ffffec46
FIXUPS: 362ee 67 38 63 67 3a 29 67 3a 63 67 3a 29 67 3a 63 67 3a 29 67
FIXUPS: 368f7 63 67 3a 29 67 3a 63 67 f 17 ffffebde 30 43 1c 8 23 11a 45
FIXUPS: 35a93 2e 30 3a 21 e4 30 43 1c 8 23 81 ab cf b2 55 47 37 29 67 32
FIXUPS: 3618f 67 97 ffffe81a 13 13 13 7b 49 2b 30 47 f 17 18 27 96 58 89
FIXUPS: 34e64 6f 33 55 13 38 6b3c2 c fff94f2a 30 2e 26 10 5b 48 308 ffffedd1
FIXUPS: 344ba 1c 26 27 35 24 35 51 63 10 1b 1b 105 54 3b 14 1a 4c 1a 2a
FIXUPS: 34943 13 38 6b9b7 c fff9469d 1b e 4f 1b 13 ffffef89 1e 16 13 f
FIXUPS: 33a83 8 d a d b5 4e 3f 7f 2e d a8 37 b7 a3 116 40 7c f5 40 7c d0
FIXUPS: 34355 a6 35 20 1e ffffec36 2f 6d245 e c fff92e46 10 4f 1b 22 49
FIXUPS: 33273 49 8 3a 239 15 cb 38 3b 4c 20 3b 5d 38 35 35 108 64 4d 16
FIXUPS: 33a0e fffff0da 31 e 18 58 2e e 18 58 31 e 18 58 31 e 18 58 31 e
FIXUPS: 32df8 58 2e e 18 58 41 2f 1f 29 4b 20 62 fffff4f2 31 e 18 58 31
FIXUPS: 32661 18 58 31 e 18 58 2e e 18 58 31 e 18 58 31 e 18 58 31 e 18
FIXUPS: 32a39 31 e 18 fffff579 2f e 18 58 2e e 18 58 2e e 18 58 2e e 18
FIXUPS: 322ba 2e e 18 58 31 e 18 58 31 e 18 58 31 e 18 ffffedce 2d 2c 1e
FIXUPS: 313a0 3d 2a 3a 40 3d 2a 169 53 1a 88 583 13 9f 24 14 d 2f 3c 82
FIXUPS: 31ebf 18 6c c 21 1b e 18 ffffec29 5d 2a 1d 49 84 1d 49 d3 c 11
FIXUPS: 30eae 4f 31 2e 57 44 42 91 39 14 33 39 28 39 14 12 1f 39 28 39
FIXUPS: 312d7 ffffeef4 1d 2e 32 51 28 28 3c6 2e 23 24 34 24 3f 1c 17 13
FIXUPS: 3088d 32 89 1e 17 17 1b 50 1c 82 32 3a 10 55 5c ffffe8ae 7b 79
FIXUPS: 2f5e5 6b 32 6b 32 8d 2e 99 6d 98 1c3 5e 7b 1d 32 91 5e 5e 5e 5e
FIXUPS: 2fffc 27 32 34 18 58 34 18 54 ffffea15 37 65 2b 45 32 45 2b 45
FIXUPS: 2edb5 1a 1d 14 c 34 23 1d 32 7b bd 32 6d 32 7b 53 6e 9f 2b 27 27
FIXUPS: 2f36a 7b ffffebd9 58 2b cf 51 c3 a3 53 1e4 18b 2a 32 2b 60 52 1b
FIXUPS: 2e7e9 1c 23 5e 45 45 53 53 53 95 32 14 14 c 34 23 ffffe714 8f 10
FIXUPS: 2d344 4d 1c 72f4b c fff8d17c e7 74 32 95 5a 1f 37 1f 37 45 32 b0
FIXUPS: 2d962 58 53 18b 32 7b 2b 14d 2e 58 14d ffffe8f8 31 1d 23 5c 1e7
FIXUPS: 2cb85 56 26 8f 50 49 10 28 21 1c 31 51 26 8f 23 40 5e 17 1d 41
FIXUPS: 2d081 aa 26 8f 10 59 ffffedec 33 47 17 62 50 49 33 25 21 1e 31
FIXUPS: 2c2cb 17 62 47 17 62 18 5e 12d 26 8f 2e 2f 42 39 2f 44 31 29 2f
FIXUPS: 2b144 3e cb 70 ee 4d 21 89 1da 2c 12 a1 58 4f 4e 74a88 c fff8b695
FIXUPS: 2b98a 18 6b 24 59 b7 2f 11a 17 62 2f 6e 65 1e7 ffffeb02 64 2d 35
FIXUPS: 2abea 18 26 1b 55 86 1a 17 1d 6a 48 4d 2e 98 25 2f 2f 28 2f 2f
FIXUPS: 2b058 10 13 15 1f 15 1e 3e ffffec92 96 1f0 f8 1c 13 2a6 2e 3a 48
FIXUPS: 2a508 1b 55 c1 25 1d 62 48 4e 2e b3 12 4b 48 38 1b 52 4e 21 1a
FIXUPS: 2aa41 32 ffffdde5 4a 4e de 14 25 14 84 50 ae 1c 1c9 100 25 7b 25
FIXUPS: 28fc2 25 7b 25 7b 25 7b 25 e6 31 5c 38 36 4d 40 968 ffffdbe7 e
FIXUPS: 27bbc 76 1b 44 11a 3f 14 59 2e 18 e8 26 8f 60 c 1c 781f3 c fff8812f
FIXUPS: 28420 2e 33 2d 20 50 201 20 4e 3a 43 ffffee7b 15 11 11 11 19 11
FIXUPS: 27708 15 15 15 11 19 1d 1d 21 1d 25 11 1e 18 19 17 2e 2e 15 15
FIXUPS: 27920 12 15 e 21 fffff730 18 16 18 16 18 16 18 16 15 16 15 16 c
FIXUPS: 271d6 6e 1b 75 78fc1 c fff870e3 206 2b 11 27 11 19 15 11 11 15
FIXUPS: 27674 fffff671 16 16 16 c 17 125 24 15 15 15 15 2e 1c 19 d 19 d
FIXUPS: 26f96 d 19 d 19 d 19 d 19 d 18 f 16 18 fffff639 d8 34 64 e 64 13
FIXUPS: 268f3 14 14 70 1c d d 19f 11 15 15 11 15 15 15 15 15 15 1b 19 19
FIXUPS: 26c8c 15 15 19 ffffe6d3 7a 4d 4b 81 c5 109 344 4d 78 4d 12d 4a
FIXUPS: 25cea 6b 76 78 13f b0 34 1c8 11 96 55 18d a1 31 59 6d 14 14 1b
FIXUPS: 24840 59 32 5f 79 14 7f 59 32 5f 16 c0 62 2e 40 3c 2b 133 e9 27
FIXUPS: 24f85 13 13 c2 22 11 1c 11 107 14 23 188 ffffdd71 18b 17 129 17
FIXUPS: 2350a 17 129 17 129 17 5d 23 4f d7 71 1b 5a 1a4 8c 2a 52 23 d9
FIXUPS: 24023 44 64 91 c1 3a5 1eb 14 ffffd929 122 d 74 d e3 bc 2f 56 50
FIXUPS: 2259e 27 1cd 68 4d 141 c9 83 80 27 2c 67 127 17 10d 2c 2a 59 2a
FIXUPS: 22f82 20 3b ffffdd13 a8 31 ca 82 4b 31 79 2c 141 9a 5b f9 11 87
FIXUPS: 2144b 1c1 194 22 3f 22 246 22 44 22 130 10b 4d 32 32 11d 35 ffffdb5e
FIXUPS: 1faa9 3ec ee bd 95 28 be 28 d5 1b 46 19 1c f2 1b 48 2c 3e 87 46
FIXUPS: 205fe 2c 24 46 177 a1 31 59 25c a6 11 ffffdd6e 63 a1 31 59 88 17
FIXUPS: 1ebf5 96 31 59 156 86 c7 a3 ed 15 17 19 427 ac 73 1c 2e bf 46 24
FIXUPS: 1f872 5b 46 116 4b ffffde7d 111 14e 1a 330 1a 46 30 2e 4c 63 42
FIXUPS: 1e0b6 48 86 17 44 22 84 91 89 42 67 257 31 25 58 14 83 18e 15 17
FIXUPS: 1cf0f 1e 15 1e 15 28 15 4a 14 14 15 26 3a 64 33 15 15 25e 24 40
FIXUPS: 1d441 88 24 85 24 5c 32 49 d8 6c 2e be fffff363 1e 15 1e 15 1e
FIXUPS: 1cc99 1e 15 1e 15 1e 15 13 15 13 15 13 15 1e 15 1e 15 1e 15 1e
FIXUPS: 1ce76 1e 15 1e 15 1e fffff821 c 14 16 9c 105 5c 1a 1c 30 15 1e
FIXUPS: 1c9fc 1e 15 1e 15 1e 15 1e 15 20 15 20 15 1e 15 20 15 1e 15 1e
FIXUPS: 1b9f2 cd 1f 8479a c fff7b969 17d 70 d0 6a 97 e e e e 8c 32 be 1e
FIXUPS: 1c46f 33 64 1b 1f c 14 16 9c 3e 36 5b 1b ffffe198 f5 17 28 10 4e
FIXUPS: 1aa7f 28 5b 2d 19b 26 193 2e 35 30 af 90 305 111 57 32 30 f6 21
FIXUPS: 1b6a5 8d 34 65 2c 13f 90 ffffe5aa 2f e 18 58 2f e 18 58 2e e 18
FIXUPS: 1a176 36 25 22 62 23 2f 85fa1 e c fff7a0e3 10 52 1b 20 2b1 61 31
FIXUPS: 1a77d 8a fffff1e6 e 18 58 4e 2e e 18 58 2f e 18 58 2e e 18 58 2e
FIXUPS: 19cfa 18 58 2f e 18 58 2e e 18 58 2f e 18 fffff56d e 18 58 2f e
FIXUPS: 19558 58 2f e 18 58 2f e 18 58 2f e 18 58 2f e 18 58 2f e 18 58
FIXUPS: 19940 e 18 58 fffff52b e 18 58 1e 48 18 56 24 7f c 21 1b e 18 58
FIXUPS: 191d2 e 18 58 2e e 18 58 2f e 18 58 2f e 18 58 fffff550 11 37 42
FIXUPS: 18a43 11 37 40 13 11 11 13 14 b7 11 11 37 40 13 11 37 40 13 11
FIXUPS: 18d47 c 6e 24 14 d 2f 3c fffff7c9 11 2d 13 11 2d 13 11 2d 13 11
FIXUPS: 1876b 13 11 2d 13 11 2d 13 11 2f 13 11 2c 13 11 16 11 11 11 11
FIXUPS: 18993 fffff89e 13 11 2d 13 11 2d 13 11 2d 13 11 2f 13 11 2c 13
FIXUPS: 183eb 16 c5 13 2a 23 22 11 2c 13 11 2d 13 11 2d fffff7eb 11 11
FIXUPS: 17e54 13 11 11 1f 13 11 11 100 13 2a 23 22 11 2c 13 11 2d 13 11
FIXUPS: 1813e 13 11 2d 13 11 2d 13 11 fffff809 39 11 39 11 39 11 5b 11
FIXUPS: 17b90 11 39 11 39 11 39 11 39 11 39 11 11 11 20 13 11 11 20 13
FIXUPS: 17dce 11 20 fffff788 11 23 13 11 39 11 39 11 39 11 39 11 39 11
FIXUPS: 1778a 11 5b 11 39 11 39 11 39 11 39 11 39 11 39 11 39 fffff7d7
FIXUPS: 1720d 11 39 11 39 11 39 11 39 11 3a 11 3a 11 3a 11 11 23 13 11
FIXUPS: 17490 23 13 11 11 23 13 11 11 23 13 fffff791 60 11 39 11 39 11
FIXUPS: 16e45 11 39 11 39 11 39 11 39 11 39 11 39 11 39 11 3a 11 3a 11
FIXUPS: 1712c 11 3a 11 3a fffff816 11 11 1a 11 11 2a 13 11 11 23 36 13
FIXUPS: 16b12 11 1f 13 11 11 1a 11 11 20 13 11 11 20 13 11 60 11 39 ffffef02
FIXUPS: 15c16 1e 14 62 5c 93 82 372 20 1a1 198 a6 e4 89b98 e e c fff76647
FIXUPS: 168d0 11 11 11 1a 11 11 1a 11 11 11 18 15 ffffee63 1e 1e 1e 1e
FIXUPS: 158b2 1e 1e 1e 1e 25 25 1e 1e 1e 25 1e 1e 1e 1e 1e 1e 1e 1e 1e
FIXUPS: 15b1f 1e 25 1e 1e 1e 1e fffff87b 1e 1e 1e 1e 1e 1e 1e 1e 1e 1e
FIXUPS: 1559f 1e 1e 1e 1e 1e 1e 1e 1e 25 1e 1e 1e 1e 1e 1e 1e 1e 1e 1e
FIXUPS: 157fe fffff67b 18 69 1c 1b 37 18 58 2b 37 18 58 2b 37 18 58 2b
FIXUPS: 151de 18 58 2f 1e 1e 1e 1e 1c 24 52 1c 24 52 1e fffff376 18 58
FIXUPS: 14848 37 18 58 5f 37 18 58 2b 37 18 58 2b 37 18 58 32 37 18 58
FIXUPS: 14c9d 37 18 58 2b 37 18 58 28 fffff2d3 18 58 2b 37 18 58 37 37
FIXUPS: 142d9 58 2b 37 18 58 2b 37 18 58 2b 37 18 58 2b 37 18 58 2b 37
FIXUPS: 146f3 58 2b fffff243 18 58 54 37 18 58 8c 37 18 58 2c 37 18 58
FIXUPS: 13d56 37 18 58 60 37 18 58 2b 37 18 58 2b 37 18 58 32 fffff24a
FIXUPS: 1338f 1d 1b 37 18 58 2b 37 18 58 2b 37 18 58 2b 37 18 58 2b 37
FIXUPS: 1375e 58 2b 37 18 58 28 37 18 58 2b fffff312 2b 37 18 58 2b 37
FIXUPS: 12de0 58 2b 37 18 58 2b 37 18 58 2b 37 18 58 2b 37 18 58 2b 37
FIXUPS: 131fa 58 2b 37 18 fffff0d5 18 58 36 37 18 58 36 37 18 58 a2 e0
FIXUPS: 1284d 31 c4 1a 1b 37 18 58 2b 37 18 58 2b 37 18 58 2b 37 18 fffff09c
FIXUPS: 11ce5 51 2a 37 18 58 36 37 18 58 36 37 18 58 36 37 18 58 36 37
FIXUPS: 12123 58 35 37 18 58 36 37 18 58 36 fffff195 18 58 2b 37 18 58
FIXUPS: 1166c 37 18 58 2b 37 18 58 2b 37 18 58 83 37 18 58 a3 3b 66 67
FIXUPS: 11bc3 18 58 43 e fffff1d4 1b 37 18 58 28 37 18 58 2b 37 18 67 37
FIXUPS: 11119 67 37 18 58 2b 37 18 58 2b 37 18 58 2b 37 18 58 2b ffffed8a
FIXUPS: 10288 37 18 58 1a9 88 e0 10a 31 b9 37 18 58 2b 37 18 58 2b 37 18
FIXUPS: 10a7f 2b 37 18 58 2b 37 18 58 1d4 47 ffffed2d 36 37 18 58 36 37
FIXUPS: fccd 58 36 37 18 58 36 37 18 58 35 37 18 58 36 37 18 58 36 37 18
FIXUPS: 10175 36 37 18 fffff1d7 3c 69 1a 10 10 59 66 18 67 37 18 58 29
FIXUPS: f6f5 18 58 83 3b 66 67 37 18 58 43 e 54 d 51 2a 37 18 fffff32b
FIXUPS: ee69 e 18 58 30 1a 62 1d 16 91202 c fff6ee59 10 47 2c 46 28 5d
FIXUPS: f194 29 14 1d 2d 2d 59 90f47 c fff6f163 24 14 13 fffff522 1b 16
FIXUPS: e957 12 9183f c fff6e884 16 14 f 24 16 17 2f 3c 6f e 18 58 2b 18
FIXUPS: ecd2 c 21 18 e 18 58 2b e 18 fffff6f8 2b 1c c 2d 1a 2b 15 31 1c
FIXUPS: e611 2d 1a 2b 15 31 15 2d 16 24 c 2d 1a 2b 12 31 1c 1b 1b 1b 1b
FIXUPS: e8a9 fffff6cc c 29 22 1b 5a 32 1b 52 5f 17 29 1f 37 52 1c 1c 41
FIXUPS: e2a8 8 94 16 14 f 24 16 d 2f 3c 5c c 2d fffff3dc 15 24 33 69 d
FIXUPS: da24 33 73 1d 35 20 2e 9261e c fff6da34 1b 67 53 30 1a 2c 65 12
FIXUPS: de03 44 11 c 67 1a 32 52 fffff3d4 4d 1a 61 1c 1c 1c 1f 15 24 24
FIXUPS: d4f9 27 63 1a 61 1c 1c 1c 15 24 24 24 33 1a 61 1c 15 24 33 1a 61
FIXUPS: ce03 24 96 39 15 5b 11 1c 1c 1c 15 24 24 22 1f 18 33 1a 60 1c 1c
FIXUPS: d17b 24 24 3f 29 1c 61 1c 1c 15 24 fffff3da f 4f 4c 61 1b e 4a
FIXUPS: c881 10 10 10 10 13 17d 51 15 63 66 1a 64 2e 27 22 1f 15 73 24
FIXUPS: cd8d 3e f 14 fffff0ef 17 39 16f d 17 b3 17 a3 17 2a 2d 30 17 2a
FIXUPS: c339 30 17 38 31 31 2d 2d 1f 43 17 dc 78 1f 3f 33 14 ffffee09 8
FIXUPS: b4ff 28 27 4d e 38 b 5d 29 94af3 c fff6b5cb 17 31 1b3 56 32 3e
FIXUPS: ba3c 4f 62 4d c c b6 63 bc 76 63 1d ffffe7c9 536 4e 115 51 1f0
FIXUPS: af0e 117 51 138 20 11 8 25 d2 8 27 8 8 8 8 c 2c 1a 2a 65 1d 35
FIXUPS: b4ac 13 9 1f ffffe3c8 165 2e 31 2e 31 2e 31 2e 2e 2e 9c 2e 31 2e
FIXUPS: 9d15 2e 31 2e 2e 2e 127 386 171 28 25 25 25 9c 28 25 25 ffffe76b
FIXUPS: 8d58 1d 31 2b 1e 31 29 1d 3d 1e 45 24 2b 1f 28 3d 22 24 2b 1f 28
FIXUPS: 90d9 10 17 2a 15 4b 44 16 16 26c ffffe33f 2e2 38 29 c c 3c 10e
FIXUPS: 7c8a ac 42 51 4a 5a3 4e 117 51 1ef 4e 117 51 157 40 35 c 95 11
FIXUPS: 8c15 46 10 6f 30 ffffd5f3 1b 39b 25 98 4e 1b 117 17 1b 2e 330 17
FIXUPS: 6cb2 2e 2f0 4e 1b 76 37 177 33 120 a6 2b 4d 1b 23 22 1a 33 1f7
FIXUPS: 5e97 d 15 6d 24 54 17 1b 1c 1c 17 5f 24 46 17 1b 1c 1c 17 23 1c
FIXUPS: 61c4 2c 3e 22 19 12 13 15 1c d 15 fffff279 1c7 db 2e 4e 15c 16a
FIXUPS: 5b98 4d ba 10 10 1a 1a 1a 1b 1c 15 1c d 15 f 11 12 1c 15 1c d 15
FIXUPS: 5e4a 1c 15 ffffeb6c 14 21 25 32 21 25 32 21 35 32 21 32 44 32 15
FIXUPS: 4c81 81 14 1f 25 14 1c 32 14 16e b1 2a3 180 51 44 6e ffffe339 456
FIXUPS: 40f0 3d e d 11 9 d 33 55 13 2f d 33 55 13 3c 6a 59 95 20 9bca3
FIXUPS: a0146 c fff64402 1d e b2 73 16d 1b1 ffffd709 26 c1 9df18 b fff625bb
FIXUPS: 26a3 65 15 9d9cd b fff6272e 2e 41 159 19 28 31 86 33 3c 9d5b6 e
FIXUPS: a0122 fff62ade 34 25 29 17 31 17 75 7e3ee 3c 57 1f 1f 26 21 21
FIXUPS: 81296 34 49 1f7d5 e c fffe0a27 16 13 13 92 3be 2f 1f131 c fffdf220
FIXUPS: 7fd70 13 fffffe4e ff 13 fffffe4e 2f 13 3028 18 32 33 1a 1a 18 32
FIXUPS: 82cc6 1a 1a 18 32 e c c c fffff46a 13 ffffe244 b9 13 a35 13 13
FIXUPS: 80f69 9b 14 16 14 54 7c 213e 13 ffffff1d 13 fffffdde 15 14a 13
FIXUPS: 82de0 13 49 28 31 17 6e fffff346 13 5ce 1d8 15 15 15 15 1d 1a 1a
FIXUPS: 82af3 18 14 1a 2e 1a 1ace 14 13 12 c 33 24 74 14 13 12 c fffff17c
FIXUPS: 83933 fffffe3e 7f 13 fffffc89 44 13 5f 6d a5 5f fffffd5d 13 ffffff1e
FIXUPS: 83370 13 ffffff4d 13 ffffff0e 1d944 b c fffe3528 41 8 15 27 20
FIXUPS: 84132 c 14 19 b3 3d 4b f1 24 74 14 13 12 c 33 24 74 14 13 12 c
FIXUPS: 845b7 24 1328 c a ffffe0e5 ec 2e 26 12 a a a 10 3c 1c 2b 29 4e
FIXUPS: 83c84 18 10 5 1a5 39 33 22 2c e 12 12 27 44 19 1055 38 80 e 6b
FIXUPS: 8519e c1 3d 99 42 20 bb 8d 50 b 23 12 d 16 11 12 11 20 6d 32 36
FIXUPS: 856d7 44 1a 2b 13f 2b ffffeff6 13 49 1e 41 d 3b 1e f 28 ec 5e a
FIXUPS: 84c00 b 32 d 12 d 16 e c 29 23 1c 10 79 e 12c e d0 6b
